Archive member included to satisfy reference by file (symbol)

d:/msys64/mingw64/bin/../lib/gcc/arm-none-eabi/10.1.0/../../../../arm-none-eabi/lib/thumb/v7e-m+fp/hard\libc_nano.a(lib_a-atexit.o)
                              d:/msys64/mingw64/bin/../lib/gcc/arm-none-eabi/10.1.0/../../../../arm-none-eabi/lib/thumb/v7e-m+fp/hard/crt0.o (atexit)
d:/msys64/mingw64/bin/../lib/gcc/arm-none-eabi/10.1.0/../../../../arm-none-eabi/lib/thumb/v7e-m+fp/hard\libc_nano.a(lib_a-exit.o)
                              d:/msys64/mingw64/bin/../lib/gcc/arm-none-eabi/10.1.0/../../../../arm-none-eabi/lib/thumb/v7e-m+fp/hard/crt0.o (exit)
d:/msys64/mingw64/bin/../lib/gcc/arm-none-eabi/10.1.0/../../../../arm-none-eabi/lib/thumb/v7e-m+fp/hard\libc_nano.a(lib_a-fini.o)
                              d:/msys64/mingw64/bin/../lib/gcc/arm-none-eabi/10.1.0/../../../../arm-none-eabi/lib/thumb/v7e-m+fp/hard/crt0.o (__libc_fini_array)
d:/msys64/mingw64/bin/../lib/gcc/arm-none-eabi/10.1.0/../../../../arm-none-eabi/lib/thumb/v7e-m+fp/hard\libc_nano.a(lib_a-impure.o)
                              d:/msys64/mingw64/bin/../lib/gcc/arm-none-eabi/10.1.0/../../../../arm-none-eabi/lib/thumb/v7e-m+fp/hard\libc_nano.a(lib_a-exit.o) (_global_impure_ptr)
d:/msys64/mingw64/bin/../lib/gcc/arm-none-eabi/10.1.0/../../../../arm-none-eabi/lib/thumb/v7e-m+fp/hard\libc_nano.a(lib_a-init.o)
                              d:/msys64/mingw64/bin/../lib/gcc/arm-none-eabi/10.1.0/../../../../arm-none-eabi/lib/thumb/v7e-m+fp/hard/crt0.o (__libc_init_array)
d:/msys64/mingw64/bin/../lib/gcc/arm-none-eabi/10.1.0/../../../../arm-none-eabi/lib/thumb/v7e-m+fp/hard\libc_nano.a(lib_a-memset.o)
                              d:/msys64/mingw64/bin/../lib/gcc/arm-none-eabi/10.1.0/../../../../arm-none-eabi/lib/thumb/v7e-m+fp/hard/crt0.o (memset)
d:/msys64/mingw64/bin/../lib/gcc/arm-none-eabi/10.1.0/../../../../arm-none-eabi/lib/thumb/v7e-m+fp/hard\libc_nano.a(lib_a-__atexit.o)
                              d:/msys64/mingw64/bin/../lib/gcc/arm-none-eabi/10.1.0/../../../../arm-none-eabi/lib/thumb/v7e-m+fp/hard\libc_nano.a(lib_a-atexit.o) (__register_exitproc)
d:/msys64/mingw64/bin/../lib/gcc/arm-none-eabi/10.1.0/../../../../arm-none-eabi/lib/thumb/v7e-m+fp/hard\libc_nano.a(lib_a-__call_atexit.o)
                              d:/msys64/mingw64/bin/../lib/gcc/arm-none-eabi/10.1.0/../../../../arm-none-eabi/lib/thumb/v7e-m+fp/hard\libc_nano.a(lib_a-__atexit.o) (__call_exitprocs)
d:/msys64/mingw64/bin/../lib/gcc/arm-none-eabi/10.1.0/../../../../arm-none-eabi/lib/thumb/v7e-m+fp/hard\libc_nano.a(lib_a-lock.o)
                              d:/msys64/mingw64/bin/../lib/gcc/arm-none-eabi/10.1.0/../../../../arm-none-eabi/lib/thumb/v7e-m+fp/hard\libc_nano.a(lib_a-__atexit.o) (__retarget_lock_acquire_recursive)
d:/msys64/mingw64/bin/../lib/gcc/arm-none-eabi/10.1.0/../../../../arm-none-eabi/lib/thumb/v7e-m+fp/hard\libnosys.a(_exit.o)
                              d:/msys64/mingw64/bin/../lib/gcc/arm-none-eabi/10.1.0/../../../../arm-none-eabi/lib/thumb/v7e-m+fp/hard\libc_nano.a(lib_a-exit.o) (_exit)

Allocating common symbols
Common symbol       size              file

__lock___atexit_recursive_mutex
                    0x1               d:/msys64/mingw64/bin/../lib/gcc/arm-none-eabi/10.1.0/../../../../arm-none-eabi/lib/thumb/v7e-m+fp/hard\libc_nano.a(lib_a-lock.o)
__lock___arc4random_mutex
                    0x1               d:/msys64/mingw64/bin/../lib/gcc/arm-none-eabi/10.1.0/../../../../arm-none-eabi/lib/thumb/v7e-m+fp/hard\libc_nano.a(lib_a-lock.o)
__lock___env_recursive_mutex
                    0x1               d:/msys64/mingw64/bin/../lib/gcc/arm-none-eabi/10.1.0/../../../../arm-none-eabi/lib/thumb/v7e-m+fp/hard\libc_nano.a(lib_a-lock.o)
__lock___sinit_recursive_mutex
                    0x1               d:/msys64/mingw64/bin/../lib/gcc/arm-none-eabi/10.1.0/../../../../arm-none-eabi/lib/thumb/v7e-m+fp/hard\libc_nano.a(lib_a-lock.o)
__lock___malloc_recursive_mutex
                    0x1               d:/msys64/mingw64/bin/../lib/gcc/arm-none-eabi/10.1.0/../../../../arm-none-eabi/lib/thumb/v7e-m+fp/hard\libc_nano.a(lib_a-lock.o)
__lock___at_quick_exit_mutex
                    0x1               d:/msys64/mingw64/bin/../lib/gcc/arm-none-eabi/10.1.0/../../../../arm-none-eabi/lib/thumb/v7e-m+fp/hard\libc_nano.a(lib_a-lock.o)
__lock___dd_hash_mutex
                    0x1               d:/msys64/mingw64/bin/../lib/gcc/arm-none-eabi/10.1.0/../../../../arm-none-eabi/lib/thumb/v7e-m+fp/hard\libc_nano.a(lib_a-lock.o)
__lock___tz_mutex   0x1               d:/msys64/mingw64/bin/../lib/gcc/arm-none-eabi/10.1.0/../../../../arm-none-eabi/lib/thumb/v7e-m+fp/hard\libc_nano.a(lib_a-lock.o)
__lock___sfp_recursive_mutex
                    0x1               d:/msys64/mingw64/bin/../lib/gcc/arm-none-eabi/10.1.0/../../../../arm-none-eabi/lib/thumb/v7e-m+fp/hard\libc_nano.a(lib_a-lock.o)

Discarded input sections

[...]
Memory Configuration

Name             Origin             Length             Attributes
RAM              0x0000000020000000 0x0000000000008000 xrw
FLASH            0x0000000008000000 0x0000000000020000 xr
*default*        0x0000000000000000 0xffffffffffffffff

Linker script and memory map

LOAD d:/msys64/mingw64/bin/../lib/gcc/arm-none-eabi/10.1.0/thumb/v7e-m+fp/hard/crti.o
LOAD d:/msys64/mingw64/bin/../lib/gcc/arm-none-eabi/10.1.0/thumb/v7e-m+fp/hard/crtbegin.o
LOAD d:/msys64/mingw64/bin/../lib/gcc/arm-none-eabi/10.1.0/../../../../arm-none-eabi/lib/thumb/v7e-m+fp/hard/crt0.o
LOAD build/main.o
LOAD build/stm32g4xx_it.o
LOAD build/stm32g4xx_hal_msp.o
LOAD build/user_diskio.o
LOAD build/user_diskio_spi.o
LOAD build/app_fatfs.o
LOAD build/stm32g4xx_hal.o
LOAD build/stm32g4xx_hal_rcc.o
LOAD build/stm32g4xx_hal_rcc_ex.o
LOAD build/stm32g4xx_hal_flash.o
LOAD build/stm32g4xx_hal_flash_ex.o
LOAD build/stm32g4xx_hal_flash_ramfunc.o
LOAD build/stm32g4xx_hal_gpio.o
LOAD build/stm32g4xx_hal_exti.o
LOAD build/stm32g4xx_hal_dma.o
LOAD build/stm32g4xx_hal_dma_ex.o
LOAD build/stm32g4xx_hal_pwr.o
LOAD build/stm32g4xx_hal_pwr_ex.o
LOAD build/stm32g4xx_hal_cortex.o
LOAD build/stm32g4xx_hal_spi.o
LOAD build/stm32g4xx_hal_spi_ex.o
LOAD build/stm32g4xx_hal_tim.o
LOAD build/stm32g4xx_hal_tim_ex.o
LOAD build/system_stm32g4xx.o
LOAD build/diskio.o
LOAD build/ff.o
LOAD build/ff_gen_drv.o
LOAD build/syscall.o
LOAD build/startup_stm32g431xx.o
LOAD d:/msys64/mingw64/bin/../lib/gcc/arm-none-eabi/10.1.0/../../../../arm-none-eabi/lib/thumb/v7e-m+fp/hard\libc_nano.a
LOAD d:/msys64/mingw64/bin/../lib/gcc/arm-none-eabi/10.1.0/../../../../arm-none-eabi/lib/thumb/v7e-m+fp/hard\libm.a
LOAD d:/msys64/mingw64/bin/../lib/gcc/arm-none-eabi/10.1.0/../../../../arm-none-eabi/lib/thumb/v7e-m+fp/hard\libnosys.a
START GROUP
LOAD d:/msys64/mingw64/bin/../lib/gcc/arm-none-eabi/10.1.0/thumb/v7e-m+fp/hard\libgcc.a
LOAD d:/msys64/mingw64/bin/../lib/gcc/arm-none-eabi/10.1.0/../../../../arm-none-eabi/lib/thumb/v7e-m+fp/hard\libc_nano.a
END GROUP
START GROUP
LOAD d:/msys64/mingw64/bin/../lib/gcc/arm-none-eabi/10.1.0/thumb/v7e-m+fp/hard\libgcc.a
LOAD d:/msys64/mingw64/bin/../lib/gcc/arm-none-eabi/10.1.0/../../../../arm-none-eabi/lib/thumb/v7e-m+fp/hard\libc_nano.a
END GROUP
LOAD d:/msys64/mingw64/bin/../lib/gcc/arm-none-eabi/10.1.0/thumb/v7e-m+fp/hard/crtend.o
LOAD d:/msys64/mingw64/bin/../lib/gcc/arm-none-eabi/10.1.0/thumb/v7e-m+fp/hard/crtn.o
                0x0000000020008000                _estack = (ORIGIN (RAM) + LENGTH (RAM))
                0x0000000000000200                _Min_Heap_Size = 0x200
                0x0000000000000400                _Min_Stack_Size = 0x400

.isr_vector     0x0000000008000000      0x1d8
                0x0000000008000000                . = ALIGN (0x4)
 *(.isr_vector)
 .isr_vector    0x0000000008000000      0x1d8 build/startup_stm32g431xx.o
                0x0000000008000000                g_pfnVectors
                0x00000000080001d8                . = ALIGN (0x4)

.text           0x00000000080001d8     0x2a3c
                0x00000000080001d8                . = ALIGN (0x4)
 *(.text)
 .text          0x00000000080001d8       0x48 d:/msys64/mingw64/bin/../lib/gcc/arm-none-eabi/10.1.0/../../../../arm-none-eabi/lib/thumb/v7e-m+fp/hard\libc_nano.a(lib_a-init.o)
                0x00000000080001d8                __libc_init_array
 .text          0x0000000008000220       0xa0 d:/msys64/mingw64/bin/../lib/gcc/arm-none-eabi/10.1.0/../../../../arm-none-eabi/lib/thumb/v7e-m+fp/hard\libc_nano.a(lib_a-memset.o)
                0x0000000008000220                memset
 *(.text*)
 .text.__do_global_dtors_aux
                0x00000000080002c0       0x24 d:/msys64/mingw64/bin/../lib/gcc/arm-none-eabi/10.1.0/thumb/v7e-m+fp/hard/crtbegin.o
 .text.frame_dummy
                0x00000000080002e4       0x1c d:/msys64/mingw64/bin/../lib/gcc/arm-none-eabi/10.1.0/thumb/v7e-m+fp/hard/crtbegin.o
 .text.MX_GPIO_Init
                0x0000000008000300       0x8c build/main.o
 .text.Error_Handler
                0x000000000800038c        0x4 build/main.o
                0x000000000800038c                Error_Handler
 .text.MX_SPI2_Init
                0x0000000008000390       0x4c build/main.o
 .text.SystemClock_Config
                0x00000000080003dc       0x5e build/main.o
                0x00000000080003dc                SystemClock_Config
 *fill*         0x000000000800043a        0x2 
 .text.main     0x000000000800043c       0x8c build/main.o
                0x000000000800043c                main
 .text.NMI_Handler
                0x00000000080004c8        0x2 build/stm32g4xx_it.o
                0x00000000080004c8                NMI_Handler
 .text.HardFault_Handler
                0x00000000080004ca        0x2 build/stm32g4xx_it.o
                0x00000000080004ca                HardFault_Handler
 .text.MemManage_Handler
                0x00000000080004cc        0x2 build/stm32g4xx_it.o
                0x00000000080004cc                MemManage_Handler
 .text.BusFault_Handler
                0x00000000080004ce        0x2 build/stm32g4xx_it.o
                0x00000000080004ce                BusFault_Handler
 .text.UsageFault_Handler
                0x00000000080004d0        0x2 build/stm32g4xx_it.o
                0x00000000080004d0                UsageFault_Handler
 .text.SVC_Handler
                0x00000000080004d2        0x2 build/stm32g4xx_it.o
                0x00000000080004d2                SVC_Handler
 .text.DebugMon_Handler
                0x00000000080004d4        0x2 build/stm32g4xx_it.o
                0x00000000080004d4                DebugMon_Handler
 .text.PendSV_Handler
                0x00000000080004d6        0x2 build/stm32g4xx_it.o
                0x00000000080004d6                PendSV_Handler
 .text.SysTick_Handler
                0x00000000080004d8        0x8 build/stm32g4xx_it.o
                0x00000000080004d8                SysTick_Handler
 .text.HAL_MspInit
                0x00000000080004e0       0x38 build/stm32g4xx_hal_msp.o
                0x00000000080004e0                HAL_MspInit
 .text.HAL_SPI_MspInit
                0x0000000008000518       0x68 build/stm32g4xx_hal_msp.o
                0x0000000008000518                HAL_SPI_MspInit
 .text.USER_initialize
                0x0000000008000580        0x8 build/user_diskio.o
                0x0000000008000580                USER_initialize
 .text.USER_status
                0x0000000008000588        0x8 build/user_diskio.o
                0x0000000008000588                USER_status
 .text.USER_read
                0x0000000008000590        0x8 build/user_diskio.o
                0x0000000008000590                USER_read
 .text.USER_write
                0x0000000008000598        0x8 build/user_diskio.o
                0x0000000008000598                USER_write
 .text.USER_ioctl
                0x00000000080005a0        0x8 build/user_diskio.o
                0x00000000080005a0                USER_ioctl
 .text.xchg_spi
                0x00000000080005a8       0x2c build/user_diskio_spi.o
 .text.wait_ready
                0x00000000080005d4       0x2a build/user_diskio_spi.o
 .text.rcvr_spi_multi
                0x00000000080005fe       0x1a build/user_diskio_spi.o
 .text.xmit_spi_multi
                0x0000000008000618       0x18 build/user_diskio_spi.o
 .text.xmit_datablock
                0x0000000008000630       0x4c build/user_diskio_spi.o
 .text.despiselect
                0x000000000800067c       0x1c build/user_diskio_spi.o
 .text.spiselect
                0x0000000008000698       0x30 build/user_diskio_spi.o
 .text.send_cmd
                0x00000000080006c8       0x8c build/user_diskio_spi.o
 .text.SPI_Timer_On
                0x0000000008000754       0x1c build/user_diskio_spi.o
                0x0000000008000754                SPI_Timer_On
 .text.SPI_Timer_Status
                0x0000000008000770       0x24 build/user_diskio_spi.o
                0x0000000008000770                SPI_Timer_Status
 .text.rcvr_datablock
                0x0000000008000794       0x40 build/user_diskio_spi.o
 .text.USER_SPI_initialize
                0x00000000080007d4      0x16c build/user_diskio_spi.o
                0x00000000080007d4                USER_SPI_initialize
 .text.USER_SPI_status
                0x0000000008000940       0x14 build/user_diskio_spi.o
                0x0000000008000940                USER_SPI_status
 .text.USER_SPI_read
                0x0000000008000954       0x8c build/user_diskio_spi.o
                0x0000000008000954                USER_SPI_read
 .text.USER_SPI_write
                0x00000000080009e0       0xb0 build/user_diskio_spi.o
                0x00000000080009e0                USER_SPI_write
 .text.USER_SPI_ioctl
                0x0000000008000a90      0x224 build/user_diskio_spi.o
                0x0000000008000a90                USER_SPI_ioctl
 .text.MX_FATFS_Init
                0x0000000008000cb4       0x28 build/app_fatfs.o
                0x0000000008000cb4                MX_FATFS_Init
 .text.get_fattime
                0x0000000008000cdc        0x4 build/app_fatfs.o
                0x0000000008000cdc                get_fattime
 .text.HAL_InitTick
                0x0000000008000ce0       0x50 build/stm32g4xx_hal.o
                0x0000000008000ce0                HAL_InitTick
 .text.HAL_Init
                0x0000000008000d30       0x1e build/stm32g4xx_hal.o
                0x0000000008000d30                HAL_Init
 *fill*         0x0000000008000d4e        0x2 
 .text.HAL_IncTick
                0x0000000008000d50       0x18 build/stm32g4xx_hal.o
                0x0000000008000d50                HAL_IncTick
 .text.HAL_GetTick
                0x0000000008000d68        0xc build/stm32g4xx_hal.o
                0x0000000008000d68                HAL_GetTick
 .text.RCC_GetSysClockFreqFromPLLSource
                0x0000000008000d74       0x58 build/stm32g4xx_hal_rcc.o
 .text.HAL_RCC_OscConfig
                0x0000000008000dcc      0x4e8 build/stm32g4xx_hal_rcc.o
                0x0000000008000dcc                HAL_RCC_OscConfig
 .text.HAL_RCC_GetSysClockFreq
                0x00000000080012b4       0x88 build/stm32g4xx_hal_rcc.o
                0x00000000080012b4                HAL_RCC_GetSysClockFreq
 .text.HAL_RCC_ClockConfig
                0x000000000800133c      0x1f8 build/stm32g4xx_hal_rcc.o
                0x000000000800133c                HAL_RCC_ClockConfig
 .text.HAL_GPIO_Init
                0x0000000008001534      0x1d4 build/stm32g4xx_hal_gpio.o
                0x0000000008001534                HAL_GPIO_Init
 .text.HAL_GPIO_WritePin
                0x0000000008001708        0xa build/stm32g4xx_hal_gpio.o
                0x0000000008001708                HAL_GPIO_WritePin
 *fill*         0x0000000008001712        0x2 
 .text.HAL_PWREx_ControlVoltageScaling
                0x0000000008001714      0x10c build/stm32g4xx_hal_pwr_ex.o
                0x0000000008001714                HAL_PWREx_ControlVoltageScaling
 .text.HAL_PWREx_DisableUCPDDeadBattery
                0x0000000008001820       0x10 build/stm32g4xx_hal_pwr_ex.o
                0x0000000008001820                HAL_PWREx_DisableUCPDDeadBattery
 .text.HAL_NVIC_SetPriorityGrouping
                0x0000000008001830       0x24 build/stm32g4xx_hal_cortex.o
                0x0000000008001830                HAL_NVIC_SetPriorityGrouping
 .text.HAL_NVIC_SetPriority
                0x0000000008001854       0x70 build/stm32g4xx_hal_cortex.o
                0x0000000008001854                HAL_NVIC_SetPriority
 .text.HAL_SYSTICK_Config
                0x00000000080018c4       0x28 build/stm32g4xx_hal_cortex.o
                0x00000000080018c4                HAL_SYSTICK_Config
 .text.SPI_WaitFlagStateUntilTimeout
                0x00000000080018ec       0xd4 build/stm32g4xx_hal_spi.o
 .text.SPI_WaitFifoStateUntilTimeout
                0x00000000080019c0       0xf4 build/stm32g4xx_hal_spi.o
 .text.SPI_EndRxTxTransaction
                0x0000000008001ab4       0x62 build/stm32g4xx_hal_spi.o
 .text.HAL_SPI_Init
                0x0000000008001b16       0xe8 build/stm32g4xx_hal_spi.o
                0x0000000008001b16                HAL_SPI_Init
 .text.HAL_SPI_TransmitReceive
                0x0000000008001bfe      0x2de build/stm32g4xx_hal_spi.o
                0x0000000008001bfe                HAL_SPI_TransmitReceive
 .text.SystemInit
                0x0000000008001edc       0x14 build/system_stm32g4xx.o
                0x0000000008001edc                SystemInit
 .text.disk_status
                0x0000000008001ef0       0x18 build/diskio.o
                0x0000000008001ef0                disk_status
 .text.disk_initialize
                0x0000000008001f08       0x28 build/diskio.o
                0x0000000008001f08                disk_initialize
 .text.disk_read
                0x0000000008001f30       0x18 build/diskio.o
                0x0000000008001f30                disk_read
 .text.disk_write
                0x0000000008001f48       0x18 build/diskio.o
                0x0000000008001f48                disk_write
 .text.disk_ioctl
                0x0000000008001f60       0x18 build/diskio.o
                0x0000000008001f60                disk_ioctl
 .text.ld_word  0x0000000008001f78        0xa build/ff.o
 .text.ld_dword
                0x0000000008001f82       0x16 build/ff.o
 .text.st_word  0x0000000008001f98        0x8 build/ff.o
 .text.st_dword
                0x0000000008001fa0       0x14 build/ff.o
 .text.mem_cpy  0x0000000008001fb4       0x14 build/ff.o
 .text.mem_set  0x0000000008001fc8        0xa build/ff.o
 *fill*         0x0000000008001fd2        0x2 
 .text.clear_lock
                0x0000000008001fd4       0x3c build/ff.o
 .text.get_ldnumber
                0x0000000008002010       0x54 build/ff.o
 .text.sync_window
                0x0000000008002064       0x54 build/ff.o
 .text.move_window
                0x00000000080020b8       0x36 build/ff.o
 *fill*         0x00000000080020ee        0x2 
 .text.check_fs
                0x00000000080020f0       0x78 build/ff.o
 .text.find_volume
                0x0000000008002168      0x300 build/ff.o
 .text.f_mount  0x0000000008002468       0x5c build/ff.o
                0x0000000008002468                f_mount
 .text.f_mkfs   0x00000000080024c4      0x684 build/ff.o
                0x00000000080024c4                f_mkfs
 .text.FATFS_LinkDriverEx
                0x0000000008002b48       0x54 build/ff_gen_drv.o
                0x0000000008002b48                FATFS_LinkDriverEx
 .text.FATFS_LinkDriver
                0x0000000008002b9c        0xa build/ff_gen_drv.o
                0x0000000008002b9c                FATFS_LinkDriver
 *fill*         0x0000000008002ba6        0x2 
 .text.Reset_Handler
                0x0000000008002ba8       0x50 build/startup_stm32g431xx.o
                0x0000000008002ba8                Reset_Handler
 .text.Default_Handler
                0x0000000008002bf8        0x2 build/startup_stm32g431xx.o
                0x0000000008002bf8                RTC_Alarm_IRQHandler
                0x0000000008002bf8                EXTI2_IRQHandler
                0x0000000008002bf8                TIM8_TRG_COM_IRQHandler
                0x0000000008002bf8                TIM8_CC_IRQHandler
                0x0000000008002bf8                TIM1_CC_IRQHandler
                0x0000000008002bf8                USB_HP_IRQHandler
                0x0000000008002bf8                CORDIC_IRQHandler
                0x0000000008002bf8                EXTI3_IRQHandler
                0x0000000008002bf8                I2C3_ER_IRQHandler
                0x0000000008002bf8                EXTI0_IRQHandler
                0x0000000008002bf8                I2C2_EV_IRQHandler
                0x0000000008002bf8                FPU_IRQHandler
                0x0000000008002bf8                FDCAN1_IT1_IRQHandler
                0x0000000008002bf8                TIM1_UP_TIM16_IRQHandler
                0x0000000008002bf8                ADC1_2_IRQHandler
                0x0000000008002bf8                SPI1_IRQHandler
                0x0000000008002bf8                TIM6_DAC_IRQHandler
                0x0000000008002bf8                TIM8_UP_IRQHandler
                0x0000000008002bf8                DMA2_Channel2_IRQHandler
                0x0000000008002bf8                DMA1_Channel4_IRQHandler
                0x0000000008002bf8                USART3_IRQHandler
                0x0000000008002bf8                TIM4_IRQHandler
                0x0000000008002bf8                DMA2_Channel1_IRQHandler
                0x0000000008002bf8                I2C1_EV_IRQHandler
                0x0000000008002bf8                DMA1_Channel6_IRQHandler
                0x0000000008002bf8                UART4_IRQHandler
                0x0000000008002bf8                DMA2_Channel4_IRQHandler
                0x0000000008002bf8                TIM3_IRQHandler
                0x0000000008002bf8                RCC_IRQHandler
                0x0000000008002bf8                DMA1_Channel1_IRQHandler
                0x0000000008002bf8                Default_Handler
                0x0000000008002bf8                RTC_TAMP_LSECSS_IRQHandler
                0x0000000008002bf8                FMAC_IRQHandler
                0x0000000008002bf8                EXTI15_10_IRQHandler
                0x0000000008002bf8                TIM7_IRQHandler
                0x0000000008002bf8                UCPD1_IRQHandler
                0x0000000008002bf8                I2C3_EV_IRQHandler
                0x0000000008002bf8                EXTI9_5_IRQHandler
                0x0000000008002bf8                RTC_WKUP_IRQHandler
                0x0000000008002bf8                PVD_PVM_IRQHandler
                0x0000000008002bf8                SPI2_IRQHandler
                0x0000000008002bf8                DMA2_Channel5_IRQHandler
                0x0000000008002bf8                CRS_IRQHandler
                0x0000000008002bf8                DMA1_Channel5_IRQHandler
                0x0000000008002bf8                USB_LP_IRQHandler
                0x0000000008002bf8                EXTI4_IRQHandler
                0x0000000008002bf8                RNG_IRQHandler
                0x0000000008002bf8                TIM1_TRG_COM_TIM17_IRQHandler
                0x0000000008002bf8                DMA1_Channel3_IRQHandler
                0x0000000008002bf8                WWDG_IRQHandler
                0x0000000008002bf8                LPUART1_IRQHandler
                0x0000000008002bf8                DMA2_Channel6_IRQHandler
                0x0000000008002bf8                FDCAN1_IT0_IRQHandler
                0x0000000008002bf8                TIM2_IRQHandler
                0x0000000008002bf8                COMP1_2_3_IRQHandler
                0x0000000008002bf8                EXTI1_IRQHandler
                0x0000000008002bf8                USART2_IRQHandler
                0x0000000008002bf8                I2C2_ER_IRQHandler
                0x0000000008002bf8                DMA1_Channel2_IRQHandler
                0x0000000008002bf8                TIM8_BRK_IRQHandler
                0x0000000008002bf8                FLASH_IRQHandler
                0x0000000008002bf8                USART1_IRQHandler
                0x0000000008002bf8                SPI3_IRQHandler
                0x0000000008002bf8                I2C1_ER_IRQHandler
                0x0000000008002bf8                LPTIM1_IRQHandler
                0x0000000008002bf8                DMAMUX_OVR_IRQHandler
                0x0000000008002bf8                USBWakeUp_IRQHandler
                0x0000000008002bf8                SAI1_IRQHandler
                0x0000000008002bf8                DMA2_Channel3_IRQHandler
                0x0000000008002bf8                COMP4_IRQHandler
                0x0000000008002bf8                TIM1_BRK_TIM15_IRQHandler
 *(.glue_7)
 .glue_7        0x0000000008002bfa        0x0 linker stubs
 *(.glue_7t)
 .glue_7t       0x0000000008002bfa        0x0 linker stubs
 *(.eh_frame)
 *fill*         0x0000000008002bfa        0x2 
 .eh_frame      0x0000000008002bfc        0x0 d:/msys64/mingw64/bin/../lib/gcc/arm-none-eabi/10.1.0/thumb/v7e-m+fp/hard/crtbegin.o
 *(.init)
 .init          0x0000000008002bfc        0x4 d:/msys64/mingw64/bin/../lib/gcc/arm-none-eabi/10.1.0/thumb/v7e-m+fp/hard/crti.o
                0x0000000008002bfc                _init
 .init          0x0000000008002c00        0x8 d:/msys64/mingw64/bin/../lib/gcc/arm-none-eabi/10.1.0/thumb/v7e-m+fp/hard/crtn.o
 *(.fini)
 .fini          0x0000000008002c08        0x4 d:/msys64/mingw64/bin/../lib/gcc/arm-none-eabi/10.1.0/thumb/v7e-m+fp/hard/crti.o
                0x0000000008002c08                _fini
 .fini          0x0000000008002c0c        0x8 d:/msys64/mingw64/bin/../lib/gcc/arm-none-eabi/10.1.0/thumb/v7e-m+fp/hard/crtn.o
                0x0000000008002c14                . = ALIGN (0x4)
                0x0000000008002c14                _etext = .

.vfp11_veneer   0x0000000008002c14        0x0
 .vfp11_veneer  0x0000000008002c14        0x0 linker stubs

.v4_bx          0x0000000008002c14        0x0
 .v4_bx         0x0000000008002c14        0x0 linker stubs

.iplt           0x0000000008002c14        0x0
 .iplt          0x0000000008002c14        0x0 d:/msys64/mingw64/bin/../lib/gcc/arm-none-eabi/10.1.0/thumb/v7e-m+fp/hard/crtbegin.o

.rodata         0x0000000008002c14       0x68
                0x0000000008002c14                . = ALIGN (0x4)
 *(.rodata)
 *(.rodata*)
 .rodata.main.str1.4
                0x0000000008002c14        0x1 build/main.o
 *fill*         0x0000000008002c15        0x3 
 .rodata.AHBPrescTable
                0x0000000008002c18       0x10 build/system_stm32g4xx.o
                0x0000000008002c18                AHBPrescTable
 .rodata.f_mkfs.str1.4
                0x0000000008002c28       0x34 build/ff.o
 .rodata.cst.0  0x0000000008002c5c        0xe build/ff.o
 *fill*         0x0000000008002c6a        0x2 
 .rodata.cst32.1
                0x0000000008002c6c        0xe build/ff.o
                0x0000000008002c7c                . = ALIGN (0x4)
 *fill*         0x0000000008002c7a        0x2 

.rel.dyn        0x0000000008002c7c        0x0
 .rel.iplt      0x0000000008002c7c        0x0 d:/msys64/mingw64/bin/../lib/gcc/arm-none-eabi/10.1.0/thumb/v7e-m+fp/hard/crtbegin.o

.ARM.extab
 *(.ARM.extab* .gnu.linkonce.armextab.*)

.ARM            0x0000000008002c7c        0x0
                0x0000000008002c7c                __exidx_start = .
 *(.ARM.exidx*)
                0x0000000008002c7c                __exidx_end = .

.preinit_array  0x0000000008002c7c        0x0
                0x0000000008002c7c                PROVIDE (__preinit_array_start = .)
 *(.preinit_array*)
                0x0000000008002c7c                PROVIDE (__preinit_array_end = .)

.init_array     0x0000000008002c7c        0x4
                0x0000000008002c7c                PROVIDE (__init_array_start = .)
 *(SORT_BY_NAME(.init_array.*))
 *(.init_array*)
 .init_array    0x0000000008002c7c        0x4 d:/msys64/mingw64/bin/../lib/gcc/arm-none-eabi/10.1.0/thumb/v7e-m+fp/hard/crtbegin.o
                0x0000000008002c80                PROVIDE (__init_array_end = .)

.fini_array     0x0000000008002c80        0x4
                0x0000000008002c80                PROVIDE (__fini_array_start = .)
 *(SORT_BY_NAME(.fini_array.*))
 *(.fini_array*)
 .fini_array    0x0000000008002c80        0x4 d:/msys64/mingw64/bin/../lib/gcc/arm-none-eabi/10.1.0/thumb/v7e-m+fp/hard/crtbegin.o
                0x0000000008002c84                PROVIDE (__fini_array_end = .)
                0x0000000008002c84                _sidata = LOADADDR (.data)

.data           0x0000000020000000       0x24 load address 0x0000000008002c84
                0x0000000020000000                . = ALIGN (0x4)
                0x0000000020000000                _sdata = .
 *(.data)
 *(.data*)
 .data.USER_Driver
                0x0000000020000000       0x14 build/user_diskio.o
                0x0000000020000000                USER_Driver
 .data.Stat     0x0000000020000014        0x1 build/user_diskio_spi.o
 *fill*         0x0000000020000015        0x3 
 .data.uwTickFreq
                0x0000000020000018        0x4 build/stm32g4xx_hal.o
                0x0000000020000018                uwTickFreq
 .data.uwTickPrio
                0x000000002000001c        0x4 build/stm32g4xx_hal.o
                0x000000002000001c                uwTickPrio
 .data.SystemCoreClock
                0x0000000020000020        0x4 build/system_stm32g4xx.o
                0x0000000020000020                SystemCoreClock
                0x0000000020000024                . = ALIGN (0x4)
                0x0000000020000024                _edata = .

.igot.plt       0x0000000020000024        0x0 load address 0x0000000008002ca8
 .igot.plt      0x0000000020000024        0x0 d:/msys64/mingw64/bin/../lib/gcc/arm-none-eabi/10.1.0/thumb/v7e-m+fp/hard/crtbegin.o
                0x0000000020000024                . = ALIGN (0x4)

.bss            0x0000000020000024       0xd0 load address 0x0000000008002ca8
                0x0000000020000024                _sbss = .
                0x0000000020000024                __bss_start__ = _sbss
 *(.bss)
 *(.bss*)
 .bss.completed.1
                0x0000000020000024        0x1 d:/msys64/mingw64/bin/../lib/gcc/arm-none-eabi/10.1.0/thumb/v7e-m+fp/hard/crtbegin.o
 *fill*         0x0000000020000025        0x3 
 .bss.object.0  0x0000000020000028       0x18 d:/msys64/mingw64/bin/../lib/gcc/arm-none-eabi/10.1.0/thumb/v7e-m+fp/hard/crtbegin.o
 .bss.fres      0x0000000020000040        0x1 build/main.o
                0x0000000020000040                fres
 *fill*         0x0000000020000041        0x3 
 .bss.hspi2     0x0000000020000044       0x64 build/main.o
                0x0000000020000044                hspi2
 .bss.stat      0x00000000200000a8        0x1 build/main.o
                0x00000000200000a8                stat
 .bss.CardType  0x00000000200000a9        0x1 build/user_diskio_spi.o
 *fill*         0x00000000200000aa        0x2 
 .bss.spiTimerTickDelay
                0x00000000200000ac        0x4 build/user_diskio_spi.o
                0x00000000200000ac                spiTimerTickDelay
 .bss.spiTimerTickStart
                0x00000000200000b0        0x4 build/user_diskio_spi.o
                0x00000000200000b0                spiTimerTickStart
 .bss.Appli_state
                0x00000000200000b4        0x1 build/app_fatfs.o
                0x00000000200000b4                Appli_state
 *fill*         0x00000000200000b5        0x3 
 .bss.USERPath  0x00000000200000b8        0x4 build/app_fatfs.o
                0x00000000200000b8                USERPath
 .bss.uwTick    0x00000000200000bc        0x4 build/stm32g4xx_hal.o
                0x00000000200000bc                uwTick
 .bss.FatFs     0x00000000200000c0        0x4 build/ff.o
 .bss.Files     0x00000000200000c4       0x20 build/ff.o
 .bss.Fsid      0x00000000200000e4        0x2 build/ff.o
 *fill*         0x00000000200000e6        0x2 
 .bss.disk      0x00000000200000e8        0xc build/ff_gen_drv.o
                0x00000000200000e8                disk
 *(COMMON)
                0x00000000200000f4                . = ALIGN (0x4)
                0x00000000200000f4                _ebss = .
                0x00000000200000f4                __bss_end__ = _ebss

._user_heap_stack
                0x00000000200000f4      0x604 load address 0x0000000008002ca8
                0x00000000200000f8                . = ALIGN (0x8)
 *fill*         0x00000000200000f4        0x4 
                [!provide]                        PROVIDE (end = .)
                [!provide]                        PROVIDE (_end = .)
                0x00000000200002f8                . = (. + _Min_Heap_Size)
 *fill*         0x00000000200000f8      0x200 
                0x00000000200006f8                . = (. + _Min_Stack_Size)
 *fill*         0x00000000200002f8      0x400 
                0x00000000200006f8                . = ALIGN (0x8)

/DISCARD/
 libc.a(*)
 libm.a(*)
 libgcc.a(*)

.ARM.attributes
                0x0000000000000000       0x30
 *(.ARM.attributes)
 .ARM.attributes
                0x0000000000000000       0x1e d:/msys64/mingw64/bin/../lib/gcc/arm-none-eabi/10.1.0/thumb/v7e-m+fp/hard/crti.o
 .ARM.attributes
                0x000000000000001e       0x34 d:/msys64/mingw64/bin/../lib/gcc/arm-none-eabi/10.1.0/thumb/v7e-m+fp/hard/crtbegin.o
 .ARM.attributes
                0x0000000000000052       0x34 build/main.o
 .ARM.attributes
                0x0000000000000086       0x34 build/stm32g4xx_it.o
 .ARM.attributes
                0x00000000000000ba       0x34 build/stm32g4xx_hal_msp.o
 .ARM.attributes
                0x00000000000000ee       0x34 build/user_diskio.o
 .ARM.attributes
                0x0000000000000122       0x34 build/user_diskio_spi.o
 .ARM.attributes
                0x0000000000000156       0x34 build/app_fatfs.o
 .ARM.attributes
                0x000000000000018a       0x34 build/stm32g4xx_hal.o
 .ARM.attributes
                0x00000000000001be       0x34 build/stm32g4xx_hal_rcc.o
 .ARM.attributes
                0x00000000000001f2       0x34 build/stm32g4xx_hal_gpio.o
 .ARM.attributes
                0x0000000000000226       0x34 build/stm32g4xx_hal_pwr_ex.o
 .ARM.attributes
                0x000000000000025a       0x34 build/stm32g4xx_hal_cortex.o
 .ARM.attributes
                0x000000000000028e       0x34 build/stm32g4xx_hal_spi.o
 .ARM.attributes
                0x00000000000002c2       0x34 build/system_stm32g4xx.o
 .ARM.attributes
                0x00000000000002f6       0x34 build/diskio.o
 .ARM.attributes
                0x000000000000032a       0x34 build/ff.o
 .ARM.attributes
                0x000000000000035e       0x34 build/ff_gen_drv.o
 .ARM.attributes
                0x0000000000000392       0x21 build/startup_stm32g431xx.o
 .ARM.attributes
                0x00000000000003b3       0x34 d:/msys64/mingw64/bin/../lib/gcc/arm-none-eabi/10.1.0/../../../../arm-none-eabi/lib/thumb/v7e-m+fp/hard\libc_nano.a(lib_a-init.o)
 .ARM.attributes
                0x00000000000003e7       0x34 d:/msys64/mingw64/bin/../lib/gcc/arm-none-eabi/10.1.0/../../../../arm-none-eabi/lib/thumb/v7e-m+fp/hard\libc_nano.a(lib_a-memset.o)
 .ARM.attributes
                0x000000000000041b       0x1e d:/msys64/mingw64/bin/../lib/gcc/arm-none-eabi/10.1.0/thumb/v7e-m+fp/hard/crtn.o
OUTPUT(build/tfcard.elf elf32-littlearm)
LOAD linker stubs
LOAD d:/msys64/mingw64/bin/../lib/gcc/arm-none-eabi/10.1.0/../../../../arm-none-eabi/lib/thumb/v7e-m+fp/hard\libc.a
LOAD d:/msys64/mingw64/bin/../lib/gcc/arm-none-eabi/10.1.0/../../../../arm-none-eabi/lib/thumb/v7e-m+fp/hard\libm.a
LOAD d:/msys64/mingw64/bin/../lib/gcc/arm-none-eabi/10.1.0/thumb/v7e-m+fp/hard\libgcc.a

.debug_info     0x0000000000000000     0xfe4d
 .debug_info    0x0000000000000000     0x1441 build/main.o
 .debug_info    0x0000000000001441      0x15b build/stm32g4xx_it.o
 .debug_info    0x000000000000159c      0xcaa build/stm32g4xx_hal_msp.o
 .debug_info    0x0000000000002246      0x450 build/user_diskio.o
 .debug_info    0x0000000000002696     0x1570 build/user_diskio_spi.o
 .debug_info    0x0000000000003c06      0x5b5 build/app_fatfs.o
 .debug_info    0x00000000000041bb      0xc93 build/stm32g4xx_hal.o
 .debug_info    0x0000000000004e4e      0xfdb build/stm32g4xx_hal_rcc.o
 .debug_info    0x0000000000005e29      0x92d build/stm32g4xx_hal_gpio.o
 .debug_info    0x0000000000006756      0xb20 build/stm32g4xx_hal_pwr_ex.o
 .debug_info    0x0000000000007276     0x111d build/stm32g4xx_hal_cortex.o
 .debug_info    0x0000000000008393     0x2461 build/stm32g4xx_hal_spi.o
 .debug_info    0x000000000000a7f4      0x649 build/system_stm32g4xx.o
 .debug_info    0x000000000000ae3d      0x4ed build/diskio.o
 .debug_info    0x000000000000b32a     0x46c1 build/ff.o
 .debug_info    0x000000000000f9eb      0x440 build/ff_gen_drv.o
 .debug_info    0x000000000000fe2b       0x22 build/startup_stm32g431xx.o

.debug_abbrev   0x0000000000000000     0x2187
 .debug_abbrev  0x0000000000000000      0x277 build/main.o
 .debug_abbrev  0x0000000000000277       0x81 build/stm32g4xx_it.o
 .debug_abbrev  0x00000000000002f8      0x194 build/stm32g4xx_hal_msp.o
 .debug_abbrev  0x000000000000048c      0x147 build/user_diskio.o
 .debug_abbrev  0x00000000000005d3      0x313 build/user_diskio_spi.o
 .debug_abbrev  0x00000000000008e6      0x1b3 build/app_fatfs.o
 .debug_abbrev  0x0000000000000a99      0x25d build/stm32g4xx_hal.o
 .debug_abbrev  0x0000000000000cf6      0x2ac build/stm32g4xx_hal_rcc.o
 .debug_abbrev  0x0000000000000fa2      0x222 build/stm32g4xx_hal_gpio.o
 .debug_abbrev  0x00000000000011c4      0x264 build/stm32g4xx_hal_pwr_ex.o
 .debug_abbrev  0x0000000000001428      0x379 build/stm32g4xx_hal_cortex.o
 .debug_abbrev  0x00000000000017a1      0x278 build/stm32g4xx_hal_spi.o
 .debug_abbrev  0x0000000000001a19      0x11b build/system_stm32g4xx.o
 .debug_abbrev  0x0000000000001b34      0x1b9 build/diskio.o
 .debug_abbrev  0x0000000000001ced      0x2bf build/ff.o
 .debug_abbrev  0x0000000000001fac      0x1c9 build/ff_gen_drv.o
 .debug_abbrev  0x0000000000002175       0x12 build/startup_stm32g431xx.o

.debug_loc      0x0000000000000000     0xc0b5
 .debug_loc     0x0000000000000000       0xd7 build/main.o
 .debug_loc     0x00000000000000d7       0x20 build/stm32g4xx_it.o
 .debug_loc     0x00000000000000f7      0x120 build/stm32g4xx_hal_msp.o
 .debug_loc     0x0000000000000217      0x281 build/user_diskio.o
 .debug_loc     0x0000000000000498      0xe83 build/user_diskio_spi.o
 .debug_loc     0x000000000000131b       0x20 build/app_fatfs.o
 .debug_loc     0x000000000000133b      0x2af build/stm32g4xx_hal.o
 .debug_loc     0x00000000000015ea      0x999 build/stm32g4xx_hal_rcc.o
 .debug_loc     0x0000000000001f83      0x46f build/stm32g4xx_hal_gpio.o
 .debug_loc     0x00000000000023f2      0xa26 build/stm32g4xx_hal_pwr_ex.o
 .debug_loc     0x0000000000002e18      0x796 build/stm32g4xx_hal_cortex.o
 .debug_loc     0x00000000000035ae     0x279d build/stm32g4xx_hal_spi.o
 .debug_loc     0x0000000000005d4b       0x9d build/system_stm32g4xx.o
 .debug_loc     0x0000000000005de8      0x323 build/diskio.o
 .debug_loc     0x000000000000610b     0x5c99 build/ff.o
 .debug_loc     0x000000000000bda4      0x311 build/ff_gen_drv.o

.debug_aranges  0x0000000000000000      0xa98
 .debug_aranges
                0x0000000000000000       0x40 build/main.o
 .debug_aranges
                0x0000000000000040       0x60 build/stm32g4xx_it.o
 .debug_aranges
                0x00000000000000a0       0x30 build/stm32g4xx_hal_msp.o
 .debug_aranges
                0x00000000000000d0       0x40 build/user_diskio.o
 .debug_aranges
                0x0000000000000110       0x98 build/user_diskio_spi.o
 .debug_aranges
                0x00000000000001a8       0x30 build/app_fatfs.o
 .debug_aranges
                0x00000000000001d8      0x130 build/stm32g4xx_hal.o
 .debug_aranges
                0x0000000000000308       0x98 build/stm32g4xx_hal_rcc.o
 .debug_aranges
                0x00000000000003a0       0x58 build/stm32g4xx_hal_gpio.o
 .debug_aranges
                0x00000000000003f8      0x140 build/stm32g4xx_hal_pwr_ex.o
 .debug_aranges
                0x0000000000000538       0xa8 build/stm32g4xx_hal_cortex.o
 .debug_aranges
                0x00000000000005e0      0x1d8 build/stm32g4xx_hal_spi.o
 .debug_aranges
                0x00000000000007b8       0x28 build/system_stm32g4xx.o
 .debug_aranges
                0x00000000000007e0       0x48 build/diskio.o
 .debug_aranges
                0x0000000000000828      0x208 build/ff.o
 .debug_aranges
                0x0000000000000a30       0x40 build/ff_gen_drv.o
 .debug_aranges
                0x0000000000000a70       0x28 build/startup_stm32g431xx.o

.debug_ranges   0x0000000000000000      0xa08
 .debug_ranges  0x0000000000000000       0x30 build/main.o
 .debug_ranges  0x0000000000000030       0x50 build/stm32g4xx_it.o
 .debug_ranges  0x0000000000000080       0x20 build/stm32g4xx_hal_msp.o
 .debug_ranges  0x00000000000000a0       0x30 build/user_diskio.o
 .debug_ranges  0x00000000000000d0       0x88 build/user_diskio_spi.o
 .debug_ranges  0x0000000000000158       0x20 build/app_fatfs.o
 .debug_ranges  0x0000000000000178      0x120 build/stm32g4xx_hal.o
 .debug_ranges  0x0000000000000298       0xa0 build/stm32g4xx_hal_rcc.o
 .debug_ranges  0x0000000000000338       0x48 build/stm32g4xx_hal_gpio.o
 .debug_ranges  0x0000000000000380      0x130 build/stm32g4xx_hal_pwr_ex.o
 .debug_ranges  0x00000000000004b0       0xf8 build/stm32g4xx_hal_cortex.o
 .debug_ranges  0x00000000000005a8      0x1c8 build/stm32g4xx_hal_spi.o
 .debug_ranges  0x0000000000000770       0x18 build/system_stm32g4xx.o
 .debug_ranges  0x0000000000000788       0x38 build/diskio.o
 .debug_ranges  0x00000000000007c0      0x1f8 build/ff.o
 .debug_ranges  0x00000000000009b8       0x30 build/ff_gen_drv.o
 .debug_ranges  0x00000000000009e8       0x20 build/startup_stm32g431xx.o

.debug_line     0x0000000000000000     0xb1ea
 .debug_line    0x0000000000000000      0x474 build/main.o
 .debug_line    0x0000000000000474      0x177 build/stm32g4xx_it.o
 .debug_line    0x00000000000005eb      0x23e build/stm32g4xx_hal_msp.o
 .debug_line    0x0000000000000829      0x136 build/user_diskio.o
 .debug_line    0x000000000000095f      0xb70 build/user_diskio_spi.o
 .debug_line    0x00000000000014cf      0x195 build/app_fatfs.o
 .debug_line    0x0000000000001664      0x63c build/stm32g4xx_hal.o
 .debug_line    0x0000000000001ca0      0xd9d build/stm32g4xx_hal_rcc.o
 .debug_line    0x0000000000002a3d      0x63c build/stm32g4xx_hal_gpio.o
 .debug_line    0x0000000000003079      0xa2e build/stm32g4xx_hal_pwr_ex.o
 .debug_line    0x0000000000003aa7      0x71c build/stm32g4xx_hal_cortex.o
 .debug_line    0x00000000000041c3     0x28c8 build/stm32g4xx_hal_spi.o
 .debug_line    0x0000000000006a8b      0x1fb build/system_stm32g4xx.o
 .debug_line    0x0000000000006c86      0x1fb build/diskio.o
 .debug_line    0x0000000000006e81     0x40b5 build/ff.o
 .debug_line    0x000000000000af36      0x23d build/ff_gen_drv.o
 .debug_line    0x000000000000b173       0x77 build/startup_stm32g431xx.o

.debug_str      0x0000000000000000     0x312c
 .debug_str     0x0000000000000000      0xbe5 build/main.o
                                        0xccd (size before relaxing)
 .debug_str     0x0000000000000be5       0xb4 build/stm32g4xx_it.o
                                        0x200 (size before relaxing)
 .debug_str     0x0000000000000c99       0x81 build/stm32g4xx_hal_msp.o
                                        0x8a7 (size before relaxing)
 .debug_str     0x0000000000000d1a      0x153 build/user_diskio.o
                                        0x2bf (size before relaxing)
 .debug_str     0x0000000000000e6d      0x13a build/user_diskio_spi.o
                                        0x8c9 (size before relaxing)
 .debug_str     0x0000000000000fa7       0xea build/app_fatfs.o
                                        0x3db (size before relaxing)
 .debug_str     0x0000000000001091      0x8db build/stm32g4xx_hal.o
                                        0xc10 (size before relaxing)
 .debug_str     0x000000000000196c      0x300 build/stm32g4xx_hal_rcc.o
                                        0x804 (size before relaxing)
 .debug_str     0x0000000000001c6c      0x121 build/stm32g4xx_hal_gpio.o
                                        0x515 (size before relaxing)
 .debug_str     0x0000000000001d8d      0x4d3 build/stm32g4xx_hal_pwr_ex.o
                                        0x7b7 (size before relaxing)
 .debug_str     0x0000000000002260      0x441 build/stm32g4xx_hal_cortex.o
                                        0xb5f (size before relaxing)
 .debug_str     0x00000000000026a1      0x58e build/stm32g4xx_hal_spi.o
                                        0xcbb (size before relaxing)
 .debug_str     0x0000000000002c2f       0x3d build/system_stm32g4xx.o
                                        0x39c (size before relaxing)
 .debug_str     0x0000000000002c6c       0x4f build/diskio.o
                                        0x279 (size before relaxing)
 .debug_str     0x0000000000002cbb      0x3c1 build/ff.o
                                        0x7ef (size before relaxing)
 .debug_str     0x000000000000307c       0x8e build/ff_gen_drv.o
                                        0x2ca (size before relaxing)
 .debug_str     0x000000000000310a       0x22 build/startup_stm32g431xx.o
                                         0x4c (size before relaxing)

.comment        0x0000000000000000       0x12
 .comment       0x0000000000000000       0x12 build/main.o
                                         0x13 (size before relaxing)
 .comment       0x0000000000000012       0x13 build/stm32g4xx_it.o
 .comment       0x0000000000000012       0x13 build/stm32g4xx_hal_msp.o
 .comment       0x0000000000000012       0x13 build/user_diskio.o
 .comment       0x0000000000000012       0x13 build/user_diskio_spi.o
 .comment       0x0000000000000012       0x13 build/app_fatfs.o
 .comment       0x0000000000000012       0x13 build/stm32g4xx_hal.o
 .comment       0x0000000000000012       0x13 build/stm32g4xx_hal_rcc.o
 .comment       0x0000000000000012       0x13 build/stm32g4xx_hal_gpio.o
 .comment       0x0000000000000012       0x13 build/stm32g4xx_hal_pwr_ex.o
 .comment       0x0000000000000012       0x13 build/stm32g4xx_hal_cortex.o
 .comment       0x0000000000000012       0x13 build/stm32g4xx_hal_spi.o
 .comment       0x0000000000000012       0x13 build/system_stm32g4xx.o
 .comment       0x0000000000000012       0x13 build/diskio.o
 .comment       0x0000000000000012       0x13 build/ff.o
 .comment       0x0000000000000012       0x13 build/ff_gen_drv.o

.debug_frame    0x0000000000000000     0x1c60
 .debug_frame   0x0000000000000000       0x98 build/main.o
 .debug_frame   0x0000000000000098       0xa8 build/stm32g4xx_it.o
 .debug_frame   0x0000000000000140       0x64 build/stm32g4xx_hal_msp.o
 .debug_frame   0x00000000000001a4       0x88 build/user_diskio.o
 .debug_frame   0x000000000000022c      0x208 build/user_diskio_spi.o
 .debug_frame   0x0000000000000434       0x48 build/app_fatfs.o
 .debug_frame   0x000000000000047c      0x274 build/stm32g4xx_hal.o
 .debug_frame   0x00000000000006f0      0x198 build/stm32g4xx_hal_rcc.o
 .debug_frame   0x0000000000000888       0xd0 build/stm32g4xx_hal_gpio.o
 .debug_frame   0x0000000000000958      0x268 build/stm32g4xx_hal_pwr_ex.o
 .debug_frame   0x0000000000000bc0      0x148 build/stm32g4xx_hal_cortex.o
 .debug_frame   0x0000000000000d08      0x5d8 build/stm32g4xx_hal_spi.o
 .debug_frame   0x00000000000012e0       0x30 build/system_stm32g4xx.o
 .debug_frame   0x0000000000001310       0xa0 build/diskio.o
 .debug_frame   0x00000000000013b0      0x7d0 build/ff.o
 .debug_frame   0x0000000000001b80       0x7c build/ff_gen_drv.o
 .debug_frame   0x0000000000001bfc       0x2c d:/msys64/mingw64/bin/../lib/gcc/arm-none-eabi/10.1.0/../../../../arm-none-eabi/lib/thumb/v7e-m+fp/hard\libc_nano.a(lib_a-init.o)
 .debug_frame   0x0000000000001c28       0x38 d:/msys64/mingw64/bin/../lib/gcc/arm-none-eabi/10.1.0/../../../../arm-none-eabi/lib/thumb/v7e-m+fp/hard\libc_nano.a(lib_a-memset.o)

Cross Reference Table

Symbol                                            File
ADC1_2_IRQHandler                                 build/startup_stm32g431xx.o
AHBPrescTable                                     build/system_stm32g4xx.o
                                                  build/stm32g4xx_hal_rcc.o
APBPrescTable                                     build/system_stm32g4xx.o
                                                  build/stm32g4xx_hal_rcc.o
Appli_state                                       build/app_fatfs.o
BusFault_Handler                                  build/stm32g4xx_it.o
COMP1_2_3_IRQHandler                              build/startup_stm32g431xx.o
COMP4_IRQHandler                                  build/startup_stm32g431xx.o
CORDIC_IRQHandler                                 build/startup_stm32g431xx.o
CRS_IRQHandler                                    build/startup_stm32g431xx.o
DMA1_Channel1_IRQHandler                          build/startup_stm32g431xx.o
DMA1_Channel2_IRQHandler                          build/startup_stm32g431xx.o
DMA1_Channel3_IRQHandler                          build/startup_stm32g431xx.o
DMA1_Channel4_IRQHandler                          build/startup_stm32g431xx.o
DMA1_Channel5_IRQHandler                          build/startup_stm32g431xx.o
DMA1_Channel6_IRQHandler                          build/startup_stm32g431xx.o
DMA2_Channel1_IRQHandler                          build/startup_stm32g431xx.o
DMA2_Channel2_IRQHandler                          build/startup_stm32g431xx.o
DMA2_Channel3_IRQHandler                          build/startup_stm32g431xx.o
DMA2_Channel4_IRQHandler                          build/startup_stm32g431xx.o
DMA2_Channel5_IRQHandler                          build/startup_stm32g431xx.o
DMA2_Channel6_IRQHandler                          build/startup_stm32g431xx.o
DMAMUX_OVR_IRQHandler                             build/startup_stm32g431xx.o
DebugMon_Handler                                  build/stm32g4xx_it.o
Default_Handler                                   build/startup_stm32g431xx.o
EXTI0_IRQHandler                                  build/startup_stm32g431xx.o
EXTI15_10_IRQHandler                              build/startup_stm32g431xx.o
EXTI1_IRQHandler                                  build/startup_stm32g431xx.o
EXTI2_IRQHandler                                  build/startup_stm32g431xx.o
EXTI3_IRQHandler                                  build/startup_stm32g431xx.o
EXTI4_IRQHandler                                  build/startup_stm32g431xx.o
EXTI9_5_IRQHandler                                build/startup_stm32g431xx.o
Error_Handler                                     build/main.o
FATFS_GetAttachedDriversNbr                       build/ff_gen_drv.o
FATFS_LinkDriver                                  build/ff_gen_drv.o
                                                  build/app_fatfs.o
FATFS_LinkDriverEx                                build/ff_gen_drv.o
FATFS_UnLinkDriver                                build/ff_gen_drv.o
FATFS_UnLinkDriverEx                              build/ff_gen_drv.o
FDCAN1_IT0_IRQHandler                             build/startup_stm32g431xx.o
FDCAN1_IT1_IRQHandler                             build/startup_stm32g431xx.o
FLASH_FlushCaches                                 build/stm32g4xx_hal_flash_ex.o
                                                  build/stm32g4xx_hal_flash.o
FLASH_IRQHandler                                  build/startup_stm32g431xx.o
FLASH_PageErase                                   build/stm32g4xx_hal_flash_ex.o
                                                  build/stm32g4xx_hal_flash.o
FLASH_WaitForLastOperation                        build/stm32g4xx_hal_flash.o
                                                  build/stm32g4xx_hal_flash_ex.o
FMAC_IRQHandler                                   build/startup_stm32g431xx.o
FPU_IRQHandler                                    build/startup_stm32g431xx.o
HAL_DBGMCU_DisableDBGSleepMode                    build/stm32g4xx_hal.o
HAL_DBGMCU_DisableDBGStandbyMode                  build/stm32g4xx_hal.o
HAL_DBGMCU_DisableDBGStopMode                     build/stm32g4xx_hal.o
HAL_DBGMCU_EnableDBGSleepMode                     build/stm32g4xx_hal.o
HAL_DBGMCU_EnableDBGStandbyMode                   build/stm32g4xx_hal.o
HAL_DBGMCU_EnableDBGStopMode                      build/stm32g4xx_hal.o
HAL_DMAEx_ConfigMuxRequestGenerator               build/stm32g4xx_hal_dma_ex.o
HAL_DMAEx_ConfigMuxSync                           build/stm32g4xx_hal_dma_ex.o
HAL_DMAEx_DisableMuxRequestGenerator              build/stm32g4xx_hal_dma_ex.o
HAL_DMAEx_EnableMuxRequestGenerator               build/stm32g4xx_hal_dma_ex.o
HAL_DMAEx_MUX_IRQHandler                          build/stm32g4xx_hal_dma_ex.o
HAL_DMA_Abort                                     build/stm32g4xx_hal_dma.o
                                                  build/stm32g4xx_hal_spi.o
HAL_DMA_Abort_IT                                  build/stm32g4xx_hal_dma.o
                                                  build/stm32g4xx_hal_spi.o
HAL_DMA_DeInit                                    build/stm32g4xx_hal_dma.o
HAL_DMA_GetError                                  build/stm32g4xx_hal_dma.o
HAL_DMA_GetState                                  build/stm32g4xx_hal_dma.o
HAL_DMA_IRQHandler                                build/stm32g4xx_hal_dma.o
HAL_DMA_Init                                      build/stm32g4xx_hal_dma.o
HAL_DMA_PollForTransfer                           build/stm32g4xx_hal_dma.o
HAL_DMA_RegisterCallback                          build/stm32g4xx_hal_dma.o
HAL_DMA_Start                                     build/stm32g4xx_hal_dma.o
HAL_DMA_Start_IT                                  build/stm32g4xx_hal_dma.o
                                                  build/stm32g4xx_hal_spi.o
HAL_DMA_UnRegisterCallback                        build/stm32g4xx_hal_dma.o
HAL_DeInit                                        build/stm32g4xx_hal.o
HAL_Delay                                         build/stm32g4xx_hal.o
HAL_EXTI_ClearConfigLine                          build/stm32g4xx_hal_exti.o
HAL_EXTI_ClearPending                             build/stm32g4xx_hal_exti.o
HAL_EXTI_GenerateSWI                              build/stm32g4xx_hal_exti.o
HAL_EXTI_GetConfigLine                            build/stm32g4xx_hal_exti.o
HAL_EXTI_GetHandle                                build/stm32g4xx_hal_exti.o
HAL_EXTI_GetPending                               build/stm32g4xx_hal_exti.o
HAL_EXTI_IRQHandler                               build/stm32g4xx_hal_exti.o
HAL_EXTI_RegisterCallback                         build/stm32g4xx_hal_exti.o
HAL_EXTI_SetConfigLine                            build/stm32g4xx_hal_exti.o
HAL_FLASHEx_DisableDebugger                       build/stm32g4xx_hal_flash_ex.o
HAL_FLASHEx_DisableRunPowerDown                   build/stm32g4xx_hal_flash_ramfunc.o
HAL_FLASHEx_EnableDebugger                        build/stm32g4xx_hal_flash_ex.o
HAL_FLASHEx_EnableRunPowerDown                    build/stm32g4xx_hal_flash_ramfunc.o
HAL_FLASHEx_EnableSecMemProtection                build/stm32g4xx_hal_flash_ex.o
HAL_FLASHEx_Erase                                 build/stm32g4xx_hal_flash_ex.o
HAL_FLASHEx_Erase_IT                              build/stm32g4xx_hal_flash_ex.o
HAL_FLASHEx_OBGetConfig                           build/stm32g4xx_hal_flash_ex.o
HAL_FLASHEx_OBProgram                             build/stm32g4xx_hal_flash_ex.o
HAL_FLASH_EndOfOperationCallback                  build/stm32g4xx_hal_flash.o
HAL_FLASH_GetError                                build/stm32g4xx_hal_flash.o
HAL_FLASH_IRQHandler                              build/stm32g4xx_hal_flash.o
HAL_FLASH_Lock                                    build/stm32g4xx_hal_flash.o
HAL_FLASH_OB_Launch                               build/stm32g4xx_hal_flash.o
HAL_FLASH_OB_Lock                                 build/stm32g4xx_hal_flash.o
HAL_FLASH_OB_Unlock                               build/stm32g4xx_hal_flash.o
HAL_FLASH_OperationErrorCallback                  build/stm32g4xx_hal_flash.o
HAL_FLASH_Program                                 build/stm32g4xx_hal_flash.o
HAL_FLASH_Program_IT                              build/stm32g4xx_hal_flash.o
HAL_FLASH_Unlock                                  build/stm32g4xx_hal_flash.o
HAL_GPIO_DeInit                                   build/stm32g4xx_hal_gpio.o
                                                  build/stm32g4xx_hal_msp.o
HAL_GPIO_EXTI_Callback                            build/stm32g4xx_hal_gpio.o
HAL_GPIO_EXTI_IRQHandler                          build/stm32g4xx_hal_gpio.o
HAL_GPIO_Init                                     build/stm32g4xx_hal_gpio.o
                                                  build/stm32g4xx_hal_rcc_ex.o
                                                  build/stm32g4xx_hal_rcc.o
                                                  build/stm32g4xx_hal_msp.o
                                                  build/main.o
HAL_GPIO_LockPin                                  build/stm32g4xx_hal_gpio.o
HAL_GPIO_ReadPin                                  build/stm32g4xx_hal_gpio.o
HAL_GPIO_TogglePin                                build/stm32g4xx_hal_gpio.o
HAL_GPIO_WritePin                                 build/stm32g4xx_hal_gpio.o
                                                  build/user_diskio_spi.o
                                                  build/main.o
HAL_GetDEVID                                      build/stm32g4xx_hal.o
HAL_GetHalVersion                                 build/stm32g4xx_hal.o
HAL_GetREVID                                      build/stm32g4xx_hal.o
HAL_GetTick                                       build/stm32g4xx_hal.o
                                                  build/stm32g4xx_hal_spi.o
                                                  build/stm32g4xx_hal_dma.o
                                                  build/stm32g4xx_hal_flash.o
                                                  build/stm32g4xx_hal_rcc_ex.o
                                                  build/stm32g4xx_hal_rcc.o
                                                  build/user_diskio_spi.o
HAL_GetTickFreq                                   build/stm32g4xx_hal.o
HAL_GetTickPrio                                   build/stm32g4xx_hal.o
HAL_IncTick                                       build/stm32g4xx_hal.o
                                                  build/stm32g4xx_it.o
HAL_Init                                          build/stm32g4xx_hal.o
                                                  build/main.o
HAL_InitTick                                      build/stm32g4xx_hal.o
                                                  build/stm32g4xx_hal_rcc.o
HAL_MPU_ConfigRegion                              build/stm32g4xx_hal_cortex.o
HAL_MPU_Disable                                   build/stm32g4xx_hal_cortex.o
HAL_MPU_Enable                                    build/stm32g4xx_hal_cortex.o
HAL_MspDeInit                                     build/stm32g4xx_hal.o
HAL_MspInit                                       build/stm32g4xx_hal_msp.o
HAL_NVIC_ClearPendingIRQ                          build/stm32g4xx_hal_cortex.o
HAL_NVIC_DisableIRQ                               build/stm32g4xx_hal_cortex.o
HAL_NVIC_EnableIRQ                                build/stm32g4xx_hal_cortex.o
HAL_NVIC_GetActive                                build/stm32g4xx_hal_cortex.o
HAL_NVIC_GetPendingIRQ                            build/stm32g4xx_hal_cortex.o
HAL_NVIC_GetPriority                              build/stm32g4xx_hal_cortex.o
HAL_NVIC_GetPriorityGrouping                      build/stm32g4xx_hal_cortex.o
HAL_NVIC_SetPendingIRQ                            build/stm32g4xx_hal_cortex.o
HAL_NVIC_SetPriority                              build/stm32g4xx_hal_cortex.o
                                                  build/stm32g4xx_hal.o
HAL_NVIC_SetPriorityGrouping                      build/stm32g4xx_hal_cortex.o
                                                  build/stm32g4xx_hal.o
HAL_NVIC_SystemReset                              build/stm32g4xx_hal_cortex.o
HAL_PWREx_ConfigPVM                               build/stm32g4xx_hal_pwr_ex.o
HAL_PWREx_ControlVoltageScaling                   build/stm32g4xx_hal_pwr_ex.o
                                                  build/main.o
HAL_PWREx_DisableBatteryCharging                  build/stm32g4xx_hal_pwr_ex.o
HAL_PWREx_DisableGPIOPullDown                     build/stm32g4xx_hal_pwr_ex.o
HAL_PWREx_DisableGPIOPullUp                       build/stm32g4xx_hal_pwr_ex.o
HAL_PWREx_DisableInternalWakeUpLine               build/stm32g4xx_hal_pwr_ex.o
HAL_PWREx_DisableLowPowerRunMode                  build/stm32g4xx_hal_pwr_ex.o
                                                  build/stm32g4xx_hal_pwr.o
HAL_PWREx_DisablePVM1                             build/stm32g4xx_hal_pwr_ex.o
HAL_PWREx_DisablePVM2                             build/stm32g4xx_hal_pwr_ex.o
HAL_PWREx_DisablePVM3                             build/stm32g4xx_hal_pwr_ex.o
HAL_PWREx_DisablePVM4                             build/stm32g4xx_hal_pwr_ex.o
HAL_PWREx_DisablePullUpPullDownConfig             build/stm32g4xx_hal_pwr_ex.o
HAL_PWREx_DisableSRAM2ContentRetention            build/stm32g4xx_hal_pwr_ex.o
HAL_PWREx_DisableUCPDDeadBattery                  build/stm32g4xx_hal_pwr_ex.o
                                                  build/stm32g4xx_hal_msp.o
HAL_PWREx_DisableUCPDStandbyMode                  build/stm32g4xx_hal_pwr_ex.o
HAL_PWREx_EnableBatteryCharging                   build/stm32g4xx_hal_pwr_ex.o
HAL_PWREx_EnableGPIOPullDown                      build/stm32g4xx_hal_pwr_ex.o
HAL_PWREx_EnableGPIOPullUp                        build/stm32g4xx_hal_pwr_ex.o
HAL_PWREx_EnableInternalWakeUpLine                build/stm32g4xx_hal_pwr_ex.o
HAL_PWREx_EnableLowPowerRunMode                   build/stm32g4xx_hal_pwr_ex.o
                                                  build/stm32g4xx_hal_pwr.o
HAL_PWREx_EnablePVM1                              build/stm32g4xx_hal_pwr_ex.o
HAL_PWREx_EnablePVM2                              build/stm32g4xx_hal_pwr_ex.o
HAL_PWREx_EnablePVM3                              build/stm32g4xx_hal_pwr_ex.o
HAL_PWREx_EnablePVM4                              build/stm32g4xx_hal_pwr_ex.o
HAL_PWREx_EnablePullUpPullDownConfig              build/stm32g4xx_hal_pwr_ex.o
HAL_PWREx_EnableSRAM2ContentRetention             build/stm32g4xx_hal_pwr_ex.o
HAL_PWREx_EnableUCPDDeadBattery                   build/stm32g4xx_hal_pwr_ex.o
HAL_PWREx_EnableUCPDStandbyMode                   build/stm32g4xx_hal_pwr_ex.o
HAL_PWREx_EnterSHUTDOWNMode                       build/stm32g4xx_hal_pwr_ex.o
HAL_PWREx_EnterSTOP0Mode                          build/stm32g4xx_hal_pwr_ex.o
                                                  build/stm32g4xx_hal_pwr.o
HAL_PWREx_EnterSTOP1Mode                          build/stm32g4xx_hal_pwr_ex.o
                                                  build/stm32g4xx_hal_pwr.o
HAL_PWREx_GetVoltageRange                         build/stm32g4xx_hal_pwr_ex.o
HAL_PWREx_PVD_PVM_IRQHandler                      build/stm32g4xx_hal_pwr_ex.o
HAL_PWREx_PVM1Callback                            build/stm32g4xx_hal_pwr_ex.o
HAL_PWREx_PVM2Callback                            build/stm32g4xx_hal_pwr_ex.o
HAL_PWREx_PVM3Callback                            build/stm32g4xx_hal_pwr_ex.o
HAL_PWREx_PVM4Callback                            build/stm32g4xx_hal_pwr_ex.o
HAL_PWR_ConfigPVD                                 build/stm32g4xx_hal_pwr.o
HAL_PWR_DeInit                                    build/stm32g4xx_hal_pwr.o
HAL_PWR_DisableBkUpAccess                         build/stm32g4xx_hal_pwr.o
                                                  build/stm32g4xx_hal_rcc_ex.o
HAL_PWR_DisablePVD                                build/stm32g4xx_hal_pwr.o
HAL_PWR_DisableSEVOnPend                          build/stm32g4xx_hal_pwr.o
HAL_PWR_DisableSleepOnExit                        build/stm32g4xx_hal_pwr.o
HAL_PWR_DisableWakeUpPin                          build/stm32g4xx_hal_pwr.o
HAL_PWR_EnableBkUpAccess                          build/stm32g4xx_hal_pwr.o
                                                  build/stm32g4xx_hal_rcc_ex.o
HAL_PWR_EnablePVD                                 build/stm32g4xx_hal_pwr.o
HAL_PWR_EnableSEVOnPend                           build/stm32g4xx_hal_pwr.o
HAL_PWR_EnableSleepOnExit                         build/stm32g4xx_hal_pwr.o
HAL_PWR_EnableWakeUpPin                           build/stm32g4xx_hal_pwr.o
HAL_PWR_EnterSLEEPMode                            build/stm32g4xx_hal_pwr.o
HAL_PWR_EnterSTANDBYMode                          build/stm32g4xx_hal_pwr.o
HAL_PWR_EnterSTOPMode                             build/stm32g4xx_hal_pwr.o
HAL_PWR_PVDCallback                               build/stm32g4xx_hal_pwr.o
                                                  build/stm32g4xx_hal_pwr_ex.o
HAL_RCCEx_CRSConfig                               build/stm32g4xx_hal_rcc_ex.o
HAL_RCCEx_CRSGetSynchronizationInfo               build/stm32g4xx_hal_rcc_ex.o
HAL_RCCEx_CRSSoftwareSynchronizationGenerate      build/stm32g4xx_hal_rcc_ex.o
HAL_RCCEx_CRSWaitSynchronization                  build/stm32g4xx_hal_rcc_ex.o
HAL_RCCEx_CRS_ErrorCallback                       build/stm32g4xx_hal_rcc_ex.o
HAL_RCCEx_CRS_ExpectedSyncCallback                build/stm32g4xx_hal_rcc_ex.o
HAL_RCCEx_CRS_IRQHandler                          build/stm32g4xx_hal_rcc_ex.o
HAL_RCCEx_CRS_SyncOkCallback                      build/stm32g4xx_hal_rcc_ex.o
HAL_RCCEx_CRS_SyncWarnCallback                    build/stm32g4xx_hal_rcc_ex.o
HAL_RCCEx_DisableLSCO                             build/stm32g4xx_hal_rcc_ex.o
HAL_RCCEx_DisableLSECSS                           build/stm32g4xx_hal_rcc_ex.o
HAL_RCCEx_EnableLSCO                              build/stm32g4xx_hal_rcc_ex.o
HAL_RCCEx_EnableLSECSS                            build/stm32g4xx_hal_rcc_ex.o
HAL_RCCEx_EnableLSECSS_IT                         build/stm32g4xx_hal_rcc_ex.o
HAL_RCCEx_GetPeriphCLKConfig                      build/stm32g4xx_hal_rcc_ex.o
HAL_RCCEx_GetPeriphCLKFreq                        build/stm32g4xx_hal_rcc_ex.o
HAL_RCCEx_LSECSS_Callback                         build/stm32g4xx_hal_rcc_ex.o
HAL_RCCEx_LSECSS_IRQHandler                       build/stm32g4xx_hal_rcc_ex.o
HAL_RCCEx_PeriphCLKConfig                         build/stm32g4xx_hal_rcc_ex.o
HAL_RCC_CSSCallback                               build/stm32g4xx_hal_rcc.o
HAL_RCC_ClockConfig                               build/stm32g4xx_hal_rcc.o
                                                  build/main.o
HAL_RCC_DeInit                                    build/stm32g4xx_hal_rcc.o
HAL_RCC_DisableLSECSS                             build/stm32g4xx_hal_rcc.o
HAL_RCC_EnableCSS                                 build/stm32g4xx_hal_rcc.o
HAL_RCC_EnableLSECSS                              build/stm32g4xx_hal_rcc.o
HAL_RCC_GetClockConfig                            build/stm32g4xx_hal_rcc.o
HAL_RCC_GetHCLKFreq                               build/stm32g4xx_hal_rcc.o
HAL_RCC_GetOscConfig                              build/stm32g4xx_hal_rcc.o
HAL_RCC_GetPCLK1Freq                              build/stm32g4xx_hal_rcc.o
                                                  build/stm32g4xx_hal_rcc_ex.o
HAL_RCC_GetPCLK2Freq                              build/stm32g4xx_hal_rcc.o
                                                  build/stm32g4xx_hal_rcc_ex.o
HAL_RCC_GetSysClockFreq                           build/stm32g4xx_hal_rcc.o
                                                  build/stm32g4xx_hal_rcc_ex.o
HAL_RCC_MCOConfig                                 build/stm32g4xx_hal_rcc.o
HAL_RCC_NMI_IRQHandler                            build/stm32g4xx_hal_rcc.o
HAL_RCC_OscConfig                                 build/stm32g4xx_hal_rcc.o
                                                  build/main.o
HAL_ResumeTick                                    build/stm32g4xx_hal.o
HAL_SPIEx_FlushRxFifo                             build/stm32g4xx_hal_spi_ex.o
HAL_SPI_Abort                                     build/stm32g4xx_hal_spi.o
HAL_SPI_AbortCpltCallback                         build/stm32g4xx_hal_spi.o
HAL_SPI_Abort_IT                                  build/stm32g4xx_hal_spi.o
HAL_SPI_DMAPause                                  build/stm32g4xx_hal_spi.o
HAL_SPI_DMAResume                                 build/stm32g4xx_hal_spi.o
HAL_SPI_DMAStop                                   build/stm32g4xx_hal_spi.o
HAL_SPI_DeInit                                    build/stm32g4xx_hal_spi.o
HAL_SPI_ErrorCallback                             build/stm32g4xx_hal_spi.o
HAL_SPI_GetError                                  build/stm32g4xx_hal_spi.o
HAL_SPI_GetState                                  build/stm32g4xx_hal_spi.o
HAL_SPI_IRQHandler                                build/stm32g4xx_hal_spi.o
HAL_SPI_Init                                      build/stm32g4xx_hal_spi.o
                                                  build/main.o
HAL_SPI_MspDeInit                                 build/stm32g4xx_hal_msp.o
HAL_SPI_MspInit                                   build/stm32g4xx_hal_msp.o
HAL_SPI_Receive                                   build/stm32g4xx_hal_spi.o
HAL_SPI_Receive_DMA                               build/stm32g4xx_hal_spi.o
HAL_SPI_Receive_IT                                build/stm32g4xx_hal_spi.o
HAL_SPI_RxCpltCallback                            build/stm32g4xx_hal_spi.o
HAL_SPI_RxHalfCpltCallback                        build/stm32g4xx_hal_spi.o
HAL_SPI_Transmit                                  build/stm32g4xx_hal_spi.o
HAL_SPI_TransmitReceive                           build/stm32g4xx_hal_spi.o
                                                  build/user_diskio_spi.o
HAL_SPI_TransmitReceive_DMA                       build/stm32g4xx_hal_spi.o
HAL_SPI_TransmitReceive_IT                        build/stm32g4xx_hal_spi.o
HAL_SPI_Transmit_DMA                              build/stm32g4xx_hal_spi.o
HAL_SPI_Transmit_IT                               build/stm32g4xx_hal_spi.o
HAL_SPI_TxCpltCallback                            build/stm32g4xx_hal_spi.o
HAL_SPI_TxHalfCpltCallback                        build/stm32g4xx_hal_spi.o
HAL_SPI_TxRxCpltCallback                          build/stm32g4xx_hal_spi.o
HAL_SPI_TxRxHalfCpltCallback                      build/stm32g4xx_hal_spi.o
HAL_SYSCFG_CCMSRAMErase                           build/stm32g4xx_hal.o
HAL_SYSCFG_CCMSRAM_WriteProtectionEnable          build/stm32g4xx_hal.o
HAL_SYSCFG_DisableIOSwitchBooster                 build/stm32g4xx_hal.o
HAL_SYSCFG_DisableIOSwitchVDD                     build/stm32g4xx_hal.o
HAL_SYSCFG_DisableMemorySwappingBank              build/stm32g4xx_hal.o
HAL_SYSCFG_DisableVREFBUF                         build/stm32g4xx_hal.o
HAL_SYSCFG_EnableIOSwitchBooster                  build/stm32g4xx_hal.o
HAL_SYSCFG_EnableIOSwitchVDD                      build/stm32g4xx_hal.o
HAL_SYSCFG_EnableMemorySwappingBank               build/stm32g4xx_hal.o
HAL_SYSCFG_EnableVREFBUF                          build/stm32g4xx_hal.o
HAL_SYSCFG_VREFBUF_HighImpedanceConfig            build/stm32g4xx_hal.o
HAL_SYSCFG_VREFBUF_TrimmingConfig                 build/stm32g4xx_hal.o
HAL_SYSCFG_VREFBUF_VoltageScalingConfig           build/stm32g4xx_hal.o
HAL_SYSTICK_CLKSourceConfig                       build/stm32g4xx_hal_cortex.o
HAL_SYSTICK_Callback                              build/stm32g4xx_hal_cortex.o
HAL_SYSTICK_Config                                build/stm32g4xx_hal_cortex.o
                                                  build/stm32g4xx_hal.o
HAL_SYSTICK_IRQHandler                            build/stm32g4xx_hal_cortex.o
HAL_SetTickFreq                                   build/stm32g4xx_hal.o
HAL_SuspendTick                                   build/stm32g4xx_hal.o
HardFault_Handler                                 build/stm32g4xx_it.o
I2C1_ER_IRQHandler                                build/startup_stm32g431xx.o
I2C1_EV_IRQHandler                                build/startup_stm32g431xx.o
I2C2_ER_IRQHandler                                build/startup_stm32g431xx.o
I2C2_EV_IRQHandler                                build/startup_stm32g431xx.o
I2C3_ER_IRQHandler                                build/startup_stm32g431xx.o
I2C3_EV_IRQHandler                                build/startup_stm32g431xx.o
LPTIM1_IRQHandler                                 build/startup_stm32g431xx.o
LPUART1_IRQHandler                                build/startup_stm32g431xx.o
MX_FATFS_Init                                     build/app_fatfs.o
                                                  build/main.o
MX_FATFS_Process                                  build/app_fatfs.o
MemManage_Handler                                 build/stm32g4xx_it.o
NMI_Handler                                       build/stm32g4xx_it.o
PVD_PVM_IRQHandler                                build/startup_stm32g431xx.o
PendSV_Handler                                    build/stm32g4xx_it.o
RCC_IRQHandler                                    build/startup_stm32g431xx.o
RNG_IRQHandler                                    build/startup_stm32g431xx.o
RTC_Alarm_IRQHandler                              build/startup_stm32g431xx.o
RTC_TAMP_LSECSS_IRQHandler                        build/startup_stm32g431xx.o
RTC_WKUP_IRQHandler                               build/startup_stm32g431xx.o
Reset_Handler                                     build/startup_stm32g431xx.o
SAI1_IRQHandler                                   build/startup_stm32g431xx.o
SPI1_IRQHandler                                   build/startup_stm32g431xx.o
SPI2_IRQHandler                                   build/startup_stm32g431xx.o
SPI3_IRQHandler                                   build/startup_stm32g431xx.o
SPI_Timer_On                                      build/user_diskio_spi.o
SPI_Timer_Status                                  build/user_diskio_spi.o
SVC_Handler                                       build/stm32g4xx_it.o
SysTick_Handler                                   build/stm32g4xx_it.o
SystemClock_Config                                build/main.o
SystemCoreClock                                   build/system_stm32g4xx.o
                                                  build/stm32g4xx_hal_spi.o
                                                  build/stm32g4xx_hal_pwr_ex.o
                                                  build/stm32g4xx_hal_rcc.o
                                                  build/stm32g4xx_hal.o
SystemCoreClockUpdate                             build/system_stm32g4xx.o
SystemInit                                        build/system_stm32g4xx.o
                                                  build/startup_stm32g431xx.o
TIM1_BRK_TIM15_IRQHandler                         build/startup_stm32g431xx.o
TIM1_CC_IRQHandler                                build/startup_stm32g431xx.o
TIM1_TRG_COM_TIM17_IRQHandler                     build/startup_stm32g431xx.o
TIM1_UP_TIM16_IRQHandler                          build/startup_stm32g431xx.o
TIM2_IRQHandler                                   build/startup_stm32g431xx.o
TIM3_IRQHandler                                   build/startup_stm32g431xx.o
TIM4_IRQHandler                                   build/startup_stm32g431xx.o
TIM6_DAC_IRQHandler                               build/startup_stm32g431xx.o
TIM7_IRQHandler                                   build/startup_stm32g431xx.o
TIM8_BRK_IRQHandler                               build/startup_stm32g431xx.o
TIM8_CC_IRQHandler                                build/startup_stm32g431xx.o
TIM8_TRG_COM_IRQHandler                           build/startup_stm32g431xx.o
TIM8_UP_IRQHandler                                build/startup_stm32g431xx.o
UART4_IRQHandler                                  build/startup_stm32g431xx.o
UCPD1_IRQHandler                                  build/startup_stm32g431xx.o
USART1_IRQHandler                                 build/startup_stm32g431xx.o
USART2_IRQHandler                                 build/startup_stm32g431xx.o
USART3_IRQHandler                                 build/startup_stm32g431xx.o
USBWakeUp_IRQHandler                              build/startup_stm32g431xx.o
USB_HP_IRQHandler                                 build/startup_stm32g431xx.o
USB_LP_IRQHandler                                 build/startup_stm32g431xx.o
USERFatFs                                         build/app_fatfs.o
USERFile                                          build/app_fatfs.o
USERPath                                          build/app_fatfs.o
USER_Driver                                       build/user_diskio.o
                                                  build/app_fatfs.o
USER_SPI_initialize                               build/user_diskio_spi.o
                                                  build/user_diskio.o
USER_SPI_ioctl                                    build/user_diskio_spi.o
                                                  build/user_diskio.o
USER_SPI_read                                     build/user_diskio_spi.o
                                                  build/user_diskio.o
USER_SPI_status                                   build/user_diskio_spi.o
                                                  build/user_diskio.o
USER_SPI_write                                    build/user_diskio_spi.o
                                                  build/user_diskio.o
USER_initialize                                   build/user_diskio.o
USER_ioctl                                        build/user_diskio.o
USER_read                                         build/user_diskio.o
USER_status                                       build/user_diskio.o
USER_write                                        build/user_diskio.o
UsageFault_Handler                                build/stm32g4xx_it.o
WWDG_IRQHandler                                   build/startup_stm32g431xx.o
__atexit_dummy                                    d:/msys64/mingw64/bin/../lib/gcc/arm-none-eabi/10.1.0/../../../../arm-none-eabi/lib/thumb/v7e-m+fp/hard\libc_nano.a(lib_a-__atexit.o)
__atexit_recursive_mutex                          d:/msys64/mingw64/bin/../lib/gcc/arm-none-eabi/10.1.0/../../../../arm-none-eabi/lib/thumb/v7e-m+fp/hard\libc_nano.a(lib_a-__call_atexit.o)
                                                  d:/msys64/mingw64/bin/../lib/gcc/arm-none-eabi/10.1.0/../../../../arm-none-eabi/lib/thumb/v7e-m+fp/hard\libc_nano.a(lib_a-__atexit.o)
__bss_end__                                       d:/msys64/mingw64/bin/../lib/gcc/arm-none-eabi/10.1.0/../../../../arm-none-eabi/lib/thumb/v7e-m+fp/hard/crt0.o
__bss_start__                                     d:/msys64/mingw64/bin/../lib/gcc/arm-none-eabi/10.1.0/../../../../arm-none-eabi/lib/thumb/v7e-m+fp/hard/crt0.o
__call_exitprocs                                  d:/msys64/mingw64/bin/../lib/gcc/arm-none-eabi/10.1.0/../../../../arm-none-eabi/lib/thumb/v7e-m+fp/hard\libc_nano.a(lib_a-__call_atexit.o)
                                                  d:/msys64/mingw64/bin/../lib/gcc/arm-none-eabi/10.1.0/../../../../arm-none-eabi/lib/thumb/v7e-m+fp/hard\libc_nano.a(lib_a-__atexit.o)
                                                  d:/msys64/mingw64/bin/../lib/gcc/arm-none-eabi/10.1.0/../../../../arm-none-eabi/lib/thumb/v7e-m+fp/hard\libc_nano.a(lib_a-exit.o)
__deregister_frame_info                           d:/msys64/mingw64/bin/../lib/gcc/arm-none-eabi/10.1.0/thumb/v7e-m+fp/hard/crtbegin.o
__dso_handle                                      d:/msys64/mingw64/bin/../lib/gcc/arm-none-eabi/10.1.0/thumb/v7e-m+fp/hard/crtbegin.o
__fini_array_end                                  d:/msys64/mingw64/bin/../lib/gcc/arm-none-eabi/10.1.0/../../../../arm-none-eabi/lib/thumb/v7e-m+fp/hard\libc_nano.a(lib_a-fini.o)
__fini_array_start                                d:/msys64/mingw64/bin/../lib/gcc/arm-none-eabi/10.1.0/../../../../arm-none-eabi/lib/thumb/v7e-m+fp/hard\libc_nano.a(lib_a-fini.o)
__init_array_end                                  d:/msys64/mingw64/bin/../lib/gcc/arm-none-eabi/10.1.0/../../../../arm-none-eabi/lib/thumb/v7e-m+fp/hard\libc_nano.a(lib_a-init.o)
__init_array_start                                d:/msys64/mingw64/bin/../lib/gcc/arm-none-eabi/10.1.0/../../../../arm-none-eabi/lib/thumb/v7e-m+fp/hard\libc_nano.a(lib_a-init.o)
__libc_fini_array                                 d:/msys64/mingw64/bin/../lib/gcc/arm-none-eabi/10.1.0/../../../../arm-none-eabi/lib/thumb/v7e-m+fp/hard\libc_nano.a(lib_a-fini.o)
                                                  d:/msys64/mingw64/bin/../lib/gcc/arm-none-eabi/10.1.0/../../../../arm-none-eabi/lib/thumb/v7e-m+fp/hard/crt0.o
__libc_init_array                                 d:/msys64/mingw64/bin/../lib/gcc/arm-none-eabi/10.1.0/../../../../arm-none-eabi/lib/thumb/v7e-m+fp/hard\libc_nano.a(lib_a-init.o)
                                                  build/startup_stm32g431xx.o
                                                  d:/msys64/mingw64/bin/../lib/gcc/arm-none-eabi/10.1.0/../../../../arm-none-eabi/lib/thumb/v7e-m+fp/hard/crt0.o
__lock___arc4random_mutex                         d:/msys64/mingw64/bin/../lib/gcc/arm-none-eabi/10.1.0/../../../../arm-none-eabi/lib/thumb/v7e-m+fp/hard\libc_nano.a(lib_a-lock.o)
__lock___at_quick_exit_mutex                      d:/msys64/mingw64/bin/../lib/gcc/arm-none-eabi/10.1.0/../../../../arm-none-eabi/lib/thumb/v7e-m+fp/hard\libc_nano.a(lib_a-lock.o)
__lock___atexit_recursive_mutex                   d:/msys64/mingw64/bin/../lib/gcc/arm-none-eabi/10.1.0/../../../../arm-none-eabi/lib/thumb/v7e-m+fp/hard\libc_nano.a(lib_a-lock.o)
                                                  d:/msys64/mingw64/bin/../lib/gcc/arm-none-eabi/10.1.0/../../../../arm-none-eabi/lib/thumb/v7e-m+fp/hard\libc_nano.a(lib_a-__call_atexit.o)
__lock___dd_hash_mutex                            d:/msys64/mingw64/bin/../lib/gcc/arm-none-eabi/10.1.0/../../../../arm-none-eabi/lib/thumb/v7e-m+fp/hard\libc_nano.a(lib_a-lock.o)
__lock___env_recursive_mutex                      d:/msys64/mingw64/bin/../lib/gcc/arm-none-eabi/10.1.0/../../../../arm-none-eabi/lib/thumb/v7e-m+fp/hard\libc_nano.a(lib_a-lock.o)
__lock___malloc_recursive_mutex                   d:/msys64/mingw64/bin/../lib/gcc/arm-none-eabi/10.1.0/../../../../arm-none-eabi/lib/thumb/v7e-m+fp/hard\libc_nano.a(lib_a-lock.o)
__lock___sfp_recursive_mutex                      d:/msys64/mingw64/bin/../lib/gcc/arm-none-eabi/10.1.0/../../../../arm-none-eabi/lib/thumb/v7e-m+fp/hard\libc_nano.a(lib_a-lock.o)
__lock___sinit_recursive_mutex                    d:/msys64/mingw64/bin/../lib/gcc/arm-none-eabi/10.1.0/../../../../arm-none-eabi/lib/thumb/v7e-m+fp/hard\libc_nano.a(lib_a-lock.o)
__lock___tz_mutex                                 d:/msys64/mingw64/bin/../lib/gcc/arm-none-eabi/10.1.0/../../../../arm-none-eabi/lib/thumb/v7e-m+fp/hard\libc_nano.a(lib_a-lock.o)
__on_exit_args                                    d:/msys64/mingw64/bin/../lib/gcc/arm-none-eabi/10.1.0/../../../../arm-none-eabi/lib/thumb/v7e-m+fp/hard\libc_nano.a(lib_a-__atexit.o)
__preinit_array_end                               d:/msys64/mingw64/bin/../lib/gcc/arm-none-eabi/10.1.0/../../../../arm-none-eabi/lib/thumb/v7e-m+fp/hard\libc_nano.a(lib_a-init.o)
__preinit_array_start                             d:/msys64/mingw64/bin/../lib/gcc/arm-none-eabi/10.1.0/../../../../arm-none-eabi/lib/thumb/v7e-m+fp/hard\libc_nano.a(lib_a-init.o)
__register_exitproc                               d:/msys64/mingw64/bin/../lib/gcc/arm-none-eabi/10.1.0/../../../../arm-none-eabi/lib/thumb/v7e-m+fp/hard\libc_nano.a(lib_a-__atexit.o)
                                                  d:/msys64/mingw64/bin/../lib/gcc/arm-none-eabi/10.1.0/../../../../arm-none-eabi/lib/thumb/v7e-m+fp/hard\libc_nano.a(lib_a-atexit.o)
__register_frame_info                             d:/msys64/mingw64/bin/../lib/gcc/arm-none-eabi/10.1.0/thumb/v7e-m+fp/hard/crtbegin.o
__retarget_lock_acquire                           d:/msys64/mingw64/bin/../lib/gcc/arm-none-eabi/10.1.0/../../../../arm-none-eabi/lib/thumb/v7e-m+fp/hard\libc_nano.a(lib_a-lock.o)
__retarget_lock_acquire_recursive                 d:/msys64/mingw64/bin/../lib/gcc/arm-none-eabi/10.1.0/../../../../arm-none-eabi/lib/thumb/v7e-m+fp/hard\libc_nano.a(lib_a-lock.o)
                                                  d:/msys64/mingw64/bin/../lib/gcc/arm-none-eabi/10.1.0/../../../../arm-none-eabi/lib/thumb/v7e-m+fp/hard\libc_nano.a(lib_a-__call_atexit.o)
                                                  d:/msys64/mingw64/bin/../lib/gcc/arm-none-eabi/10.1.0/../../../../arm-none-eabi/lib/thumb/v7e-m+fp/hard\libc_nano.a(lib_a-__atexit.o)
__retarget_lock_close                             d:/msys64/mingw64/bin/../lib/gcc/arm-none-eabi/10.1.0/../../../../arm-none-eabi/lib/thumb/v7e-m+fp/hard\libc_nano.a(lib_a-lock.o)
__retarget_lock_close_recursive                   d:/msys64/mingw64/bin/../lib/gcc/arm-none-eabi/10.1.0/../../../../arm-none-eabi/lib/thumb/v7e-m+fp/hard\libc_nano.a(lib_a-lock.o)
__retarget_lock_init                              d:/msys64/mingw64/bin/../lib/gcc/arm-none-eabi/10.1.0/../../../../arm-none-eabi/lib/thumb/v7e-m+fp/hard\libc_nano.a(lib_a-lock.o)
__retarget_lock_init_recursive                    d:/msys64/mingw64/bin/../lib/gcc/arm-none-eabi/10.1.0/../../../../arm-none-eabi/lib/thumb/v7e-m+fp/hard\libc_nano.a(lib_a-lock.o)
__retarget_lock_release                           d:/msys64/mingw64/bin/../lib/gcc/arm-none-eabi/10.1.0/../../../../arm-none-eabi/lib/thumb/v7e-m+fp/hard\libc_nano.a(lib_a-lock.o)
                                                  d:/msys64/mingw64/bin/../lib/gcc/arm-none-eabi/10.1.0/../../../../arm-none-eabi/lib/thumb/v7e-m+fp/hard\libc_nano.a(lib_a-__atexit.o)
__retarget_lock_release_recursive                 d:/msys64/mingw64/bin/../lib/gcc/arm-none-eabi/10.1.0/../../../../arm-none-eabi/lib/thumb/v7e-m+fp/hard\libc_nano.a(lib_a-lock.o)
                                                  d:/msys64/mingw64/bin/../lib/gcc/arm-none-eabi/10.1.0/../../../../arm-none-eabi/lib/thumb/v7e-m+fp/hard\libc_nano.a(lib_a-__call_atexit.o)
                                                  d:/msys64/mingw64/bin/../lib/gcc/arm-none-eabi/10.1.0/../../../../arm-none-eabi/lib/thumb/v7e-m+fp/hard\libc_nano.a(lib_a-__atexit.o)
__retarget_lock_try_acquire                       d:/msys64/mingw64/bin/../lib/gcc/arm-none-eabi/10.1.0/../../../../arm-none-eabi/lib/thumb/v7e-m+fp/hard\libc_nano.a(lib_a-lock.o)
__retarget_lock_try_acquire_recursive             d:/msys64/mingw64/bin/../lib/gcc/arm-none-eabi/10.1.0/../../../../arm-none-eabi/lib/thumb/v7e-m+fp/hard\libc_nano.a(lib_a-lock.o)
__sf_fake_stderr                                  d:/msys64/mingw64/bin/../lib/gcc/arm-none-eabi/10.1.0/../../../../arm-none-eabi/lib/thumb/v7e-m+fp/hard\libc_nano.a(lib_a-impure.o)
__sf_fake_stdin                                   d:/msys64/mingw64/bin/../lib/gcc/arm-none-eabi/10.1.0/../../../../arm-none-eabi/lib/thumb/v7e-m+fp/hard\libc_nano.a(lib_a-impure.o)
__sf_fake_stdout                                  d:/msys64/mingw64/bin/../lib/gcc/arm-none-eabi/10.1.0/../../../../arm-none-eabi/lib/thumb/v7e-m+fp/hard\libc_nano.a(lib_a-impure.o)
__stack                                           d:/msys64/mingw64/bin/../lib/gcc/arm-none-eabi/10.1.0/../../../../arm-none-eabi/lib/thumb/v7e-m+fp/hard/crt0.o
_ebss                                             build/startup_stm32g431xx.o
_edata                                            build/startup_stm32g431xx.o
_estack                                           build/startup_stm32g431xx.o
_exit                                             d:/msys64/mingw64/bin/../lib/gcc/arm-none-eabi/10.1.0/../../../../arm-none-eabi/lib/thumb/v7e-m+fp/hard\libnosys.a(_exit.o)
                                                  d:/msys64/mingw64/bin/../lib/gcc/arm-none-eabi/10.1.0/../../../../arm-none-eabi/lib/thumb/v7e-m+fp/hard\libc_nano.a(lib_a-exit.o)
_fini                                             d:/msys64/mingw64/bin/../lib/gcc/arm-none-eabi/10.1.0/thumb/v7e-m+fp/hard/crti.o
                                                  d:/msys64/mingw64/bin/../lib/gcc/arm-none-eabi/10.1.0/../../../../arm-none-eabi/lib/thumb/v7e-m+fp/hard\libc_nano.a(lib_a-fini.o)
_global_atexit                                    d:/msys64/mingw64/bin/../lib/gcc/arm-none-eabi/10.1.0/../../../../arm-none-eabi/lib/thumb/v7e-m+fp/hard\libc_nano.a(lib_a-__call_atexit.o)
                                                  d:/msys64/mingw64/bin/../lib/gcc/arm-none-eabi/10.1.0/../../../../arm-none-eabi/lib/thumb/v7e-m+fp/hard\libc_nano.a(lib_a-__atexit.o)
_global_impure_ptr                                d:/msys64/mingw64/bin/../lib/gcc/arm-none-eabi/10.1.0/../../../../arm-none-eabi/lib/thumb/v7e-m+fp/hard\libc_nano.a(lib_a-impure.o)
                                                  d:/msys64/mingw64/bin/../lib/gcc/arm-none-eabi/10.1.0/../../../../arm-none-eabi/lib/thumb/v7e-m+fp/hard\libc_nano.a(lib_a-exit.o)
_impure_ptr                                       d:/msys64/mingw64/bin/../lib/gcc/arm-none-eabi/10.1.0/../../../../arm-none-eabi/lib/thumb/v7e-m+fp/hard\libc_nano.a(lib_a-impure.o)
_init                                             d:/msys64/mingw64/bin/../lib/gcc/arm-none-eabi/10.1.0/thumb/v7e-m+fp/hard/crti.o
                                                  d:/msys64/mingw64/bin/../lib/gcc/arm-none-eabi/10.1.0/../../../../arm-none-eabi/lib/thumb/v7e-m+fp/hard\libc_nano.a(lib_a-init.o)
_mainCRTStartup                                   d:/msys64/mingw64/bin/../lib/gcc/arm-none-eabi/10.1.0/../../../../arm-none-eabi/lib/thumb/v7e-m+fp/hard/crt0.o
_sbss                                             build/startup_stm32g431xx.o
_sdata                                            build/startup_stm32g431xx.o
_sidata                                           build/startup_stm32g431xx.o
_stack_init                                       d:/msys64/mingw64/bin/../lib/gcc/arm-none-eabi/10.1.0/../../../../arm-none-eabi/lib/thumb/v7e-m+fp/hard/crt0.o
_start                                            d:/msys64/mingw64/bin/../lib/gcc/arm-none-eabi/10.1.0/../../../../arm-none-eabi/lib/thumb/v7e-m+fp/hard/crt0.o
atexit                                            d:/msys64/mingw64/bin/../lib/gcc/arm-none-eabi/10.1.0/../../../../arm-none-eabi/lib/thumb/v7e-m+fp/hard\libc_nano.a(lib_a-atexit.o)
                                                  d:/msys64/mingw64/bin/../lib/gcc/arm-none-eabi/10.1.0/../../../../arm-none-eabi/lib/thumb/v7e-m+fp/hard/crt0.o
disk                                              build/ff_gen_drv.o
                                                  build/diskio.o
disk_initialize                                   build/diskio.o
                                                  build/ff.o
disk_ioctl                                        build/diskio.o
                                                  build/ff.o
disk_read                                         build/diskio.o
                                                  build/ff.o
disk_status                                       build/diskio.o
                                                  build/ff.o
disk_write                                        build/diskio.o
                                                  build/ff.o
exit                                              d:/msys64/mingw64/bin/../lib/gcc/arm-none-eabi/10.1.0/../../../../arm-none-eabi/lib/thumb/v7e-m+fp/hard\libc_nano.a(lib_a-exit.o)
                                                  d:/msys64/mingw64/bin/../lib/gcc/arm-none-eabi/10.1.0/../../../../arm-none-eabi/lib/thumb/v7e-m+fp/hard/crt0.o
f_close                                           build/ff.o
f_closedir                                        build/ff.o
f_getfree                                         build/ff.o
f_gets                                            build/ff.o
f_lseek                                           build/ff.o
f_mkdir                                           build/ff.o
f_mkfs                                            build/ff.o
                                                  build/main.o
f_mount                                           build/ff.o
                                                  build/main.o
f_open                                            build/ff.o
f_opendir                                         build/ff.o
f_printf                                          build/ff.o
f_putc                                            build/ff.o
f_puts                                            build/ff.o
f_read                                            build/ff.o
f_readdir                                         build/ff.o
f_rename                                          build/ff.o
f_stat                                            build/ff.o
f_sync                                            build/ff.o
f_truncate                                        build/ff.o
f_unlink                                          build/ff.o
f_write                                           build/ff.o
fres                                              build/main.o
g_pfnVectors                                      build/startup_stm32g431xx.o
get_fattime                                       build/app_fatfs.o
                                                  build/ff.o
hardware_init_hook                                d:/msys64/mingw64/bin/../lib/gcc/arm-none-eabi/10.1.0/../../../../arm-none-eabi/lib/thumb/v7e-m+fp/hard/crt0.o
hspi2                                             build/main.o
                                                  build/user_diskio_spi.o
main                                              build/main.o
                                                  build/startup_stm32g431xx.o
                                                  d:/msys64/mingw64/bin/../lib/gcc/arm-none-eabi/10.1.0/../../../../arm-none-eabi/lib/thumb/v7e-m+fp/hard/crt0.o
malloc                                            d:/msys64/mingw64/bin/../lib/gcc/arm-none-eabi/10.1.0/../../../../arm-none-eabi/lib/thumb/v7e-m+fp/hard\libc_nano.a(lib_a-__atexit.o)
memset                                            d:/msys64/mingw64/bin/../lib/gcc/arm-none-eabi/10.1.0/../../../../arm-none-eabi/lib/thumb/v7e-m+fp/hard\libc_nano.a(lib_a-memset.o)
                                                  build/main.o
                                                  d:/msys64/mingw64/bin/../lib/gcc/arm-none-eabi/10.1.0/../../../../arm-none-eabi/lib/thumb/v7e-m+fp/hard/crt0.o
pFlash                                            build/stm32g4xx_hal_flash.o
                                                  build/stm32g4xx_hal_flash_ex.o
software_init_hook                                d:/msys64/mingw64/bin/../lib/gcc/arm-none-eabi/10.1.0/../../../../arm-none-eabi/lib/thumb/v7e-m+fp/hard/crt0.o
spiTimerTickDelay                                 build/user_diskio_spi.o
spiTimerTickStart                                 build/user_diskio_spi.o
stat                                              build/main.o
uwTick                                            build/stm32g4xx_hal.o
uwTickFreq                                        build/stm32g4xx_hal.o
uwTickPrio                                        build/stm32g4xx_hal.o
                                                  build/stm32g4xx_hal_rcc.o
